INFO:root:Running shopee_brand_portal_shop Task : {'id': 19, 'brand_id': 1, 'market_place_id': 1, 'type': 'shopee_brand_portal_shop', 'scheduled_to_run': '2024-06-02 08:00:00', 'status': 3, 'created_at': '2024-06-04T17:56:00.000000Z', 'updated_at': '2024-06-05T08:20:00.000000Z'}
INFO:undetected_chromedriver.patcher:patching driver executable /home/rajab/.local/share/undetected_chromedriver/undetected_chromedriver
INFO:undetected_chromedriver.patcher:patching driver executable /home/rajab/.local/share/undetected_chromedriver/undetected_chromedriver
INFO:root:Running shopee_brand_portal_shop Task : {'id': 19, 'brand_id': 1, 'market_place_id': 1, 'type': 'shopee_brand_portal_shop', 'scheduled_to_run': '2024-06-02 08:00:00', 'status': 3, 'created_at': '2024-06-04T17:56:00.000000Z', 'updated_at': '2024-06-05T08:41:10.000000Z'}
INFO:undetected_chromedriver.patcher:patching driver executable /home/rajab/.local/share/undetected_chromedriver/undetected_chromedriver
INFO:root:Running shopee_brand_portal_shop Task : {'id': 19, 'brand_id': 1, 'market_place_id': 1, 'type': 'shopee_brand_portal_shop', 'scheduled_to_run': '2024-06-02 08:00:00', 'status': 3, 'created_at': '2024-06-04T17:56:00.000000Z', 'updated_at': '2024-06-05T08:42:41.000000Z'}
INFO:undetected_chromedriver.patcher:patching driver executable /home/rajab/.local/share/undetected_chromedriver/undetected_chromedriver
INFO:root:Running shopee_brand_portal_shop Task : {'id': 19, 'brand_id': 1, 'market_place_id': 1, 'type': 'shopee_brand_portal_shop', 'scheduled_to_run': '2024-06-02 08:00:00', 'status': 3, 'created_at': '2024-06-04T17:56:00.000000Z', 'updated_at': '2024-06-05T08:59:10.000000Z'}
INFO:undetected_chromedriver.patcher:patching driver executable /home/rajab/.local/share/undetected_chromedriver/undetected_chromedriver
INFO:root:Running shopee_brand_portal_shop Task : {'id': 19, 'brand_id': 1, 'market_place_id': 1, 'type': 'shopee_brand_portal_shop', 'scheduled_to_run': '2024-06-02 08:00:00', 'status': 3, 'created_at': '2024-06-04T17:56:00.000000Z', 'updated_at': '2024-06-05T09:01:20.000000Z'}
INFO:undetected_chromedriver.patcher:patching driver executable /home/rajab/.local/share/undetected_chromedriver/undetected_chromedriver
INFO:root:Running shopee_brand_portal_shop Task : {'id': 19, 'brand_id': 1, 'market_place_id': 1, 'type': 'shopee_brand_portal_shop', 'scheduled_to_run': '2024-06-02 08:00:00', 'status': 3, 'created_at': '2024-06-04T17:56:00.000000Z', 'updated_at': '2024-06-05T11:50:30.000000Z'}
INFO:undetected_chromedriver.patcher:patching driver executable /home/rajab/.local/share/undetected_chromedriver/undetected_chromedriver
INFO:root:Running shopee_brand_portal_shop Task : {'id': 19, 'brand_id': 1, 'market_place_id': 1, 'type': 'shopee_brand_portal_shop', 'scheduled_to_run': '2024-06-02 08:00:00', 'status': 3, 'created_at': '2024-06-04T17:56:00.000000Z', 'updated_at': '2024-06-05T11:53:10.000000Z'}
INFO:root:Running shopee_brand_portal_shop Task : {'id': 1, 'brand_id': 1, 'market_place_id': 1, 'type': 'daily_report', 'scheduled_to_run': '2024-06-05 08:00:00'}
INFO:undetected_chromedriver.patcher:patching driver executable /home/rajab/.local/share/undetected_chromedriver/undetected_chromedriver
INFO:root:Running shopee_brand_portal_shop Task : {'id': 19, 'brand_id': 1, 'market_place_id': 1, 'type': 'shopee_brand_portal_shop', 'scheduled_to_run': '2024-06-02 08:00:00', 'status': 3, 'created_at': '2024-06-04T17:56:00.000000Z', 'updated_at': '2024-06-05T11:59:40.000000Z'}
INFO:undetected_chromedriver.patcher:patching driver executable /home/rajab/.local/share/undetected_chromedriver/undetected_chromedriver
INFO:root:Running shopee_brand_portal_shop Task : {'id': 1, 'brand_id': 1, 'market_place_id': 1, 'type': 'daily_report', 'scheduled_to_run': '2024-06-05 08:00:00'}
INFO:root:Running shopee_brand_portal_shop Task : {'id': 1, 'brand_id': 1, 'market_place_id': 1, 'type': 'daily_report', 'scheduled_to_run': '2024-06-05 08:00:00'}
INFO:root:Running shopee_brand_portal_shop Task : {'id': 1, 'brand_id': 1, 'market_place_id': 1, 'type': 'daily_report', 'scheduled_to_run': '2024-06-05 08:00:00'}
INFO:undetected_chromedriver.patcher:patching driver executable /var/www/.local/share/undetected_chromedriver/undetected_chromedriver
INFO:root:Running shopee_brand_portal_shop Task : {'id': 19, 'brand_id': 1, 'market_place_id': 1, 'type': 'shopee_brand_portal_shop', 'scheduled_to_run': '2024-06-02 08:00:00', 'status': 3, 'created_at': '2024-06-04T17:56:00.000000Z', 'updated_at': '2024-06-05T15:45:40.000000Z'}
INFO:undetected_chromedriver.patcher:patching driver executable /home/rajab/.local/share/undetected_chromedriver/undetected_chromedriver
INFO:root:Running shopee_brand_portal_shop Task : {'id': 19, 'brand_id': 1, 'market_place_id': 1, 'type': 'shopee_brand_portal_shop', 'scheduled_to_run': '2024-06-02 08:00:00', 'status': 3, 'created_at': '2024-06-04T17:56:00.000000Z', 'updated_at': '2024-06-05T16:01:40.000000Z'}
INFO:undetected_chromedriver.patcher:patching driver executable /home/rajab/.local/share/undetected_chromedriver/undetected_chromedriver
INFO:root:Running shopee_brand_portal_shop Task : {'id': 1, 'brand_id': 1, 'market_place_id': 1, 'type': 'daily_report', 'scheduled_to_run': '2024-06-05 08:00:00'}
INFO:undetected_chromedriver.patcher:patching driver executable /var/www/.local/share/undetected_chromedriver/undetected_chromedriver
INFO:root:Running shopee_brand_portal_shop Task : {'id': 1, 'brand_id': 1, 'market_place_id': 1, 'type': 'daily_report', 'scheduled_to_run': '2024-06-05 08:00:00'}
INFO:undetected_chromedriver.patcher:patching driver executable /var/www/.local/share/undetected_chromedriver/undetected_chromedriver
INFO:root:Running shopee_brand_portal_shop Task : {'id': 19, 'brand_id': 1, 'market_place_id': 1, 'type': 'shopee_brand_portal_shop', 'scheduled_to_run': '2024-06-02 08:00:00', 'status': 3, 'created_at': '2024-06-04T17:56:00.000000Z', 'updated_at': '2024-06-05T16:13:10.000000Z'}
INFO:undetected_chromedriver.patcher:patching driver executable /home/rajab/.local/share/undetected_chromedriver/undetected_chromedriver
INFO:root:Running shopee_brand_portal_shop Task : {'id': 19, 'brand_id': 1, 'market_place_id': 1, 'type': 'shopee_brand_portal_shop', 'scheduled_to_run': '2024-06-02 08:00:00', 'status': 3, 'created_at': '2024-06-04T17:56:00.000000Z', 'updated_at': '2024-06-05T16:16:40.000000Z'}
INFO:undetected_chromedriver.patcher:patching driver executable /home/rajab/.local/share/undetected_chromedriver/undetected_chromedriver
INFO:root:Running shopee_brand_portal_shop Task : {'id': 19, 'brand_id': 1, 'market_place_id': 1, 'type': 'shopee_brand_portal_shop', 'scheduled_to_run': '2024-06-02 08:00:00', 'status': 3, 'created_at': '2024-06-04T17:56:00.000000Z', 'updated_at': '2024-06-05T16:31:40.000000Z'}
INFO:undetected_chromedriver.patcher:patching driver executable /home/rajab/.local/share/undetected_chromedriver/undetected_chromedriver
INFO:root:Running shopee_brand_portal_shop Task : {'id': 19, 'brand_id': 1, 'market_place_id': 1, 'type': 'shopee_brand_portal_shop', 'scheduled_to_run': '2024-06-02 08:00:00', 'status': 3, 'created_at': '2024-06-04T17:56:00.000000Z', 'updated_at': '2024-06-05T16:33:50.000000Z'}
INFO:undetected_chromedriver.patcher:patching driver executable /home/rajab/.local/share/undetected_chromedriver/undetected_chromedriver
INFO:root:Running shopee_brand_portal_shop Task : {'id': 19, 'brand_id': 1, 'market_place_id': 1, 'type': 'shopee_brand_portal_shop', 'scheduled_to_run': '2024-06-02 08:00:00', 'status': 3, 'created_at': '2024-06-04T17:56:00.000000Z', 'updated_at': '2024-06-05T16:37:30.000000Z'}
INFO:undetected_chromedriver.patcher:patching driver executable /home/rajab/.local/share/undetected_chromedriver/undetected_chromedriver
INFO:root:Running shopee_brand_portal_shop Task : {'id': 19, 'brand_id': 1, 'market_place_id': 1, 'type': 'shopee_brand_portal_shop', 'scheduled_to_run': '2024-06-02 08:00:00', 'status': 3, 'created_at': '2024-06-04T17:56:00.000000Z', 'updated_at': '2024-06-05T16:43:50.000000Z'}
INFO:undetected_chromedriver.patcher:patching driver executable /home/rajab/.local/share/undetected_chromedriver/undetected_chromedriver
INFO:root:Running shopee_brand_portal_shop Task : {'id': 19, 'brand_id': 1, 'market_place_id': 1, 'type': 'shopee_brand_portal_shop', 'scheduled_to_run': '2024-06-02 08:00:00', 'status': 3, 'created_at': '2024-06-04T17:56:00.000000Z', 'updated_at': '2024-06-05T16:46:10.000000Z'}
INFO:undetected_chromedriver.patcher:patching driver executable /home/rajab/.local/share/undetected_chromedriver/undetected_chromedriver
INFO:root:Running shopee_brand_portal_shop Task : {'id': 19, 'brand_id': 1, 'market_place_id': 1, 'type': 'shopee_brand_portal_shop', 'scheduled_to_run': '2024-06-02 08:00:00', 'status': 3, 'created_at': '2024-06-04T17:56:00.000000Z', 'updated_at': '2024-06-05T16:48:20.000000Z'}
INFO:undetected_chromedriver.patcher:patching driver executable /home/rajab/.local/share/undetected_chromedriver/undetected_chromedriver
INFO:root:Running shopee_brand_portal_shop Task : {'id': 19, 'brand_id': 1, 'market_place_id': 1, 'type': 'shopee_brand_portal_shop', 'scheduled_to_run': '2024-06-02 08:00:00', 'status': 3, 'created_at': '2024-06-04T17:56:00.000000Z', 'updated_at': '2024-06-05T17:07:20.000000Z'}
INFO:undetected_chromedriver.patcher:patching driver executable /home/rajab/.local/share/undetected_chromedriver/undetected_chromedriver
INFO:root:Running shopee_brand_portal_shop Task : {'id': 19, 'brand_id': 1, 'market_place_id': 1, 'type': 'shopee_brand_portal_shop', 'scheduled_to_run': '2024-06-02 08:00:00', 'status': 3, 'created_at': '2024-06-04T17:56:00.000000Z', 'updated_at': '2024-06-05T17:19:40.000000Z'}
INFO:undetected_chromedriver.patcher:patching driver executable /home/rajab/.local/share/undetected_chromedriver/undetected_chromedriver
INFO:root:Running shopee_brand_portal_shop Task : {'id': 19, 'brand_id': 1, 'market_place_id': 1, 'type': 'shopee_brand_portal_shop', 'scheduled_to_run': '2024-06-02 08:00:00', 'status': 3, 'created_at': '2024-06-04T17:56:00.000000Z', 'updated_at': '2024-06-05T17:43:20.000000Z'}
INFO:undetected_chromedriver.patcher:patching driver executable /home/rajab/.local/share/undetected_chromedriver/undetected_chromedriver
INFO:root:Running shopee_brand_portal_shop Task : {'id': 19, 'brand_id': 1, 'market_place_id': 1, 'type': 'shopee_brand_portal_shop', 'scheduled_to_run': '2024-06-02 08:00:00', 'status': 3, 'created_at': '2024-06-04T17:56:00.000000Z', 'updated_at': '2024-06-05T17:52:40.000000Z'}
INFO:undetected_chromedriver.patcher:patching driver executable /home/rajab/.local/share/undetected_chromedriver/undetected_chromedriver
INFO:root:Running shopee_brand_portal_shop Task : {'id': 19, 'brand_id': 1, 'market_place_id': 1, 'type': 'shopee_brand_portal_shop', 'scheduled_to_run': '2024-06-02 08:00:00', 'status': 3, 'created_at': '2024-06-04T17:56:00.000000Z', 'updated_at': '2024-06-05T17:57:50.000000Z'}
INFO:undetected_chromedriver.patcher:patching driver executable /home/rajab/.local/share/undetected_chromedriver/undetected_chromedriver
INFO:root:Running shopee_brand_portal_shop Task : {'id': 19, 'brand_id': 1, 'market_place_id': 1, 'type': 'shopee_brand_portal_shop', 'scheduled_to_run': '2024-06-02 08:00:00', 'status': 3, 'created_at': '2024-06-04T17:56:00.000000Z', 'updated_at': '2024-06-05T18:05:50.000000Z'}
INFO:undetected_chromedriver.patcher:patching driver executable /home/rajab/.local/share/undetected_chromedriver/undetected_chromedriver
INFO:root:Running shopee_brand_portal_shop Task : {'id': 1, 'brand_id': 1, 'market_place_id': 1, 'type': 'daily_report', 'scheduled_to_run': '2024-06-05 08:00:00'}
INFO:undetected_chromedriver.patcher:patching driver executable /home/rajab/.local/share/undetected_chromedriver/undetected_chromedriver
INFO:root:Running shopee_brand_portal_shop Task : {'id': 19, 'brand_id': 1, 'market_place_id': 1, 'type': 'shopee_brand_portal_shop', 'scheduled_to_run': '2024-06-02 08:00:00', 'status': 3, 'created_at': '2024-06-04T17:56:00.000000Z', 'updated_at': '2024-06-06T02:46:30.000000Z'}
INFO:undetected_chromedriver.patcher:patching driver executable /home/rajab/.local/share/undetected_chromedriver/undetected_chromedriver
INFO:root:Running shopee_brand_portal_shop Task : {'id': 19, 'brand_id': 1, 'market_place_id': 1, 'type': 'shopee_brand_portal_shop', 'scheduled_to_run': '2024-06-02 08:00:00', 'status': 3, 'created_at': '2024-06-04T17:56:00.000000Z', 'updated_at': '2024-06-06T04:07:20.000000Z'}
INFO:undetected_chromedriver.patcher:patching driver executable /home/rajab/.local/share/undetected_chromedriver/undetected_chromedriver
INFO:root:Running shopee_brand_portal_shop Task : {'id': 19, 'brand_id': 1, 'market_place_id': 1, 'type': 'shopee_brand_portal_shop', 'scheduled_to_run': '2024-06-02 08:00:00', 'status': 3, 'created_at': '2024-06-04T17:56:00.000000Z', 'updated_at': '2024-06-06T04:30:50.000000Z'}
INFO:root:Running shopee_brand_portal_shop Task : {'id': 1, 'brand_id': 1, 'market_place_id': 1, 'type': 'daily_report', 'scheduled_to_run': '2024-06-05 08:00:00'}
INFO:root:Running shopee_brand_portal_shop Task : {'id': 19, 'brand_id': 1, 'market_place_id': 1, 'type': 'shopee_brand_portal_shop', 'scheduled_to_run': '2024-06-02 08:00:00', 'status': 3, 'created_at': '2024-06-04T17:56:00.000000Z', 'updated_at': '2024-06-06T04:34:30.000000Z'}
INFO:undetected_chromedriver.patcher:patching driver executable /home/rajab/.local/share/undetected_chromedriver/undetected_chromedriver
INFO:root:Running shopee_brand_portal_shop Task : {'id': 1, 'brand_id': 1, 'market_place_id': 1, 'type': 'daily_report', 'scheduled_to_run': '2024-06-05 08:00:00'}
INFO:undetected_chromedriver.patcher:patching driver executable /home/rajab/.local/share/undetected_chromedriver/undetected_chromedriver
INFO:undetected_chromedriver.patcher:patching driver executable /home/rajab/.local/share/undetected_chromedriver/undetected_chromedriver
INFO:root:Running shopee_brand_portal_shop Task : {'id': 19, 'brand_id': 1, 'market_place_id': 1, 'type': 'shopee_brand_portal_shop', 'scheduled_to_run': '2024-06-02 08:00:00', 'status': 3, 'created_at': '2024-06-04T17:56:00.000000Z', 'updated_at': '2024-06-06T04:56:00.000000Z'}
INFO:root:Running shopee_brand_portal_shop Task : {'id': 19, 'brand_id': 1, 'market_place_id': 1, 'type': 'shopee_brand_portal_shop', 'scheduled_to_run': '2024-06-02 08:00:00', 'status': 3, 'created_at': '2024-06-04T17:56:00.000000Z', 'updated_at': '2024-06-06T04:57:42.000000Z'}
INFO:root:Running shopee_brand_portal_shop Task : {'id': 19, 'brand_id': 1, 'market_place_id': 1, 'type': 'shopee_brand_portal_shop', 'scheduled_to_run': '2024-06-02 08:00:00', 'status': 3, 'created_at': '2024-06-04T17:56:00.000000Z', 'updated_at': '2024-06-06T04:59:30.000000Z'}
INFO:undetected_chromedriver.patcher:patching driver executable /home/rajab/.local/share/undetected_chromedriver/undetected_chromedriver
INFO:undetected_chromedriver.patcher:patching driver executable /home/rajab/.local/share/undetected_chromedriver/undetected_chromedriver
INFO:undetected_chromedriver.patcher:patching driver executable /home/rajab/.local/share/undetected_chromedriver/undetected_chromedriver
INFO:root:Running shopee_brand_portal_shop Task : {'id': 19, 'brand_id': 1, 'market_place_id': 1, 'type': 'shopee_brand_portal_shop', 'scheduled_to_run': '2024-06-02 08:00:00', 'status': 3, 'created_at': '2024-06-04T17:56:00.000000Z', 'updated_at': '2024-06-06T06:45:40.000000Z'}
INFO:undetected_chromedriver.patcher:patching driver executable /home/rajab/.local/share/undetected_chromedriver/undetected_chromedriver
INFO:root:Running shopee_brand_portal_shop Task : {'id': 19, 'brand_id': 1, 'market_place_id': 1, 'type': 'shopee_brand_portal_shop', 'scheduled_to_run': '2024-06-02 08:00:00', 'status': 3, 'created_at': '2024-06-04T17:56:00.000000Z', 'updated_at': '2024-06-06T07:48:10.000000Z'}
INFO:undetected_chromedriver.patcher:patching driver executable /home/rajab/.local/share/undetected_chromedriver/undetected_chromedriver
INFO:root:Running shopee_brand_portal_shop Task : {'id': 19, 'brand_id': 1, 'market_place_id': 1, 'type': 'shopee_brand_portal_shop', 'scheduled_to_run': '2024-06-02 08:00:00', 'status': 3, 'created_at': '2024-06-04T17:56:00.000000Z', 'updated_at': '2024-06-06T09:23:00.000000Z'}
INFO:undetected_chromedriver.patcher:patching driver executable /usr/bin/chromedriver
INFO:root:Running shopee_brand_portal_shop Task : {'id': 19, 'brand_id': 1, 'market_place_id': 1, 'type': 'shopee_brand_portal_shop', 'scheduled_to_run': '2024-06-02 08:00:00', 'status': 3, 'created_at': '2024-06-04T17:56:00.000000Z', 'updated_at': '2024-06-06T09:26:30.000000Z'}
INFO:undetected_chromedriver.patcher:patching driver executable /usr/bin/chromedriver
INFO:root:Running shopee_brand_portal_shop Task : {'id': 19, 'brand_id': 1, 'market_place_id': 1, 'type': 'shopee_brand_portal_shop', 'scheduled_to_run': '2024-06-02 08:00:00', 'status': 3, 'created_at': '2024-06-04T17:56:00.000000Z', 'updated_at': '2024-06-06T09:27:20.000000Z'}
INFO:undetected_chromedriver.patcher:patching driver executable /usr/bin/chromedriver
INFO:root:Running shopee_brand_portal_shop Task : {'id': 19, 'brand_id': 1, 'market_place_id': 1, 'type': 'shopee_brand_portal_shop', 'scheduled_to_run': '2024-06-02 08:00:00', 'status': 3, 'created_at': '2024-06-04T17:56:00.000000Z', 'updated_at': '2024-06-06T09:32:31.000000Z'}
INFO:undetected_chromedriver.patcher:patching driver executable /usr/bin/chromedriver
INFO:root:Running shopee_brand_portal_shop Task : {'id': 19, 'brand_id': 1, 'market_place_id': 1, 'type': 'shopee_brand_portal_shop', 'scheduled_to_run': '2024-06-02 08:00:00', 'status': 3, 'created_at': '2024-06-04T17:56:00.000000Z', 'updated_at': '2024-06-06T09:34:28.000000Z'}
INFO:undetected_chromedriver.patcher:patching driver executable /home/rajab/laravel/myproject/realco_dashboard/scripts/chromedriver
INFO:root:Running shopee_brand_portal_shop Task : {'id': 19, 'brand_id': 1, 'market_place_id': 1, 'type': 'shopee_brand_portal_shop', 'scheduled_to_run': '2024-06-02 08:00:00', 'status': 3, 'created_at': '2024-06-04T17:56:00.000000Z', 'updated_at': '2024-06-06T09:36:00.000000Z'}
INFO:undetected_chromedriver.patcher:patching driver executable /home/rajab/laravel/myproject/realco_dashboard/scripts/chromedriver
INFO:root:Running shopee_brand_portal_shop Task : {'id': 19, 'brand_id': 1, 'market_place_id': 1, 'type': 'shopee_brand_portal_shop', 'scheduled_to_run': '2024-06-02 08:00:00', 'status': 3, 'created_at': '2024-06-04T17:56:00.000000Z', 'updated_at': '2024-06-06T09:41:01.000000Z'}
INFO:undetected_chromedriver.patcher:patching driver executable /home/rajab/laravel/myproject/realco_dashboard/scripts/chromedriver
INFO:root:Running shopee_brand_portal_shop Task : {'id': 19, 'brand_id': 1, 'market_place_id': 1, 'type': 'shopee_brand_portal_shop', 'scheduled_to_run': '2024-06-02 08:00:00', 'status': 3, 'created_at': '2024-06-04T17:56:00.000000Z', 'updated_at': '2024-06-06T09:47:40.000000Z'}
INFO:undetected_chromedriver.patcher:patching driver executable /home/rajab/laravel/myproject/realco_dashboard/scripts/chromedriver
INFO:root:Running shopee_brand_portal_shop Task : {'id': 19, 'brand_id': 1, 'market_place_id': 1, 'type': 'shopee_brand_portal_shop', 'scheduled_to_run': '2024-06-02 08:00:00', 'status': 3, 'created_at': '2024-06-04T17:56:00.000000Z', 'updated_at': '2024-06-06T09:49:50.000000Z'}
INFO:undetected_chromedriver.patcher:patching driver executable /home/rajab/laravel/myproject/realco_dashboard/scripts/chromedriver
INFO:root:Running shopee_brand_portal_shop Task : {'id': 19, 'brand_id': 1, 'market_place_id': 1, 'type': 'shopee_brand_portal_shop', 'scheduled_to_run': '2024-06-02 08:00:00', 'status': 3, 'created_at': '2024-06-04T17:56:00.000000Z', 'updated_at': '2024-06-06T11:31:58.000000Z'}
INFO:undetected_chromedriver.patcher:patching driver executable /home/rajab/laravel/myproject/realco_dashboard/scripts/chromedriver
INFO:root:Running shopee_brand_portal_shop Task : {'id': 19, 'brand_id': 1, 'market_place_id': 1, 'type': 'shopee_brand_portal_shop', 'scheduled_to_run': '2024-06-02 08:00:00', 'status': 3, 'created_at': '2024-06-04T17:56:00.000000Z', 'updated_at': '2024-06-06T11:33:00.000000Z'}
INFO:undetected_chromedriver.patcher:patching driver executable /home/rajab/laravel/myproject/realco_dashboard/scripts/chromedriver
INFO:root:Running shopee_brand_portal_shop Task : {'id': 19, 'brand_id': 1, 'market_place_id': 1, 'type': 'shopee_brand_portal_shop', 'scheduled_to_run': '2024-06-02 08:00:00', 'status': 3, 'created_at': '2024-06-04T17:56:00.000000Z', 'updated_at': '2024-06-06T11:36:25.000000Z'}
INFO:undetected_chromedriver.patcher:patching driver executable /home/rajab/laravel/myproject/realco_dashboard/scripts/chromedriver
INFO:root:Running shopee_brand_portal_shop Task : {'id': 19, 'brand_id': 1, 'market_place_id': 1, 'type': 'shopee_brand_portal_shop', 'scheduled_to_run': '2024-06-02 08:00:00', 'status': 3, 'created_at': '2024-06-04T17:56:00.000000Z', 'updated_at': '2024-06-06T11:40:50.000000Z'}
INFO:undetected_chromedriver.patcher:patching driver executable /home/rajab/laravel/myproject/realco_dashboard/scripts/chromedriver
WARNING:uc:could not detect version_main.therefore, we are assuming it is chrome 108 or higher
INFO:root:Running shopee_brand_portal_shop Task : {'id': 1, 'brand_id': 1, 'market_place_id': 1, 'type': 'daily_report', 'scheduled_to_run': '2024-06-05 08:00:00'}
INFO:undetected_chromedriver.patcher:patching driver executable /home/rajab/.local/share/undetected_chromedriver/undetected_chromedriver
INFO:root:Running shopee_brand_portal_shop Task : {'id': 19, 'brand_id': 1, 'market_place_id': 1, 'type': 'shopee_brand_portal_shop', 'scheduled_to_run': '2024-06-02 08:00:00', 'status': 3, 'created_at': '2024-06-04T17:56:00.000000Z', 'updated_at': '2024-06-07T03:55:40.000000Z'}
INFO:undetected_chromedriver.patcher:patching driver executable /home/rajab/.local/share/undetected_chromedriver/undetected_chromedriver
INFO:root:Running shopee_brand_portal_shop Task : {'id': 19, 'brand_id': 1, 'market_place_id': 1, 'type': 'shopee_brand_portal_shop', 'scheduled_to_run': '2024-06-02 08:00:00', 'status': 3, 'created_at': '2024-06-04T17:56:00.000000Z', 'updated_at': '2024-06-07T04:18:57.000000Z'}
INFO:undetected_chromedriver.patcher:patching driver executable /home/rajab/.local/share/undetected_chromedriver/undetected_chromedriver
INFO:root:Running shopee_brand_portal_shop Task : {'id': 19, 'brand_id': 1, 'market_place_id': 1, 'type': 'shopee_brand_portal_shop', 'scheduled_to_run': '2024-06-02 08:00:00', 'status': 3, 'created_at': '2024-06-04T17:56:00.000000Z', 'updated_at': '2024-06-07T04:26:00.000000Z'}
INFO:undetected_chromedriver.patcher:patching driver executable /home/rajab/.local/share/undetected_chromedriver/undetected_chromedriver
INFO:root:Running shopee_brand_portal_shop Task : {'id': 19, 'brand_id': 1, 'market_place_id': 1, 'type': 'shopee_brand_portal_shop', 'scheduled_to_run': '2024-06-02 08:00:00', 'status': 3, 'created_at': '2024-06-04T17:56:00.000000Z', 'updated_at': '2024-06-07T04:27:39.000000Z'}
INFO:undetected_chromedriver.patcher:patching driver executable /home/rajab/.local/share/undetected_chromedriver/undetected_chromedriver
INFO:root:Running shopee_brand_portal_shop Task : {'id': 19, 'brand_id': 1, 'market_place_id': 1, 'type': 'shopee_brand_portal_shop', 'scheduled_to_run': '2024-06-02 08:00:00', 'status': 3, 'created_at': '2024-06-04T17:56:00.000000Z', 'updated_at': '2024-06-07T04:40:50.000000Z'}
INFO:undetected_chromedriver.patcher:patching driver executable /home/rajab/.local/share/undetected_chromedriver/undetected_chromedriver
INFO:root:Running shopee_brand_portal_shop Task : {'id': 19, 'brand_id': 1, 'market_place_id': 1, 'type': 'shopee_brand_portal_shop', 'scheduled_to_run': '2024-06-02 08:00:00', 'status': 3, 'created_at': '2024-06-04T17:56:00.000000Z', 'updated_at': '2024-06-07T04:44:30.000000Z'}
INFO:undetected_chromedriver.patcher:patching driver executable /home/rajab/.local/share/undetected_chromedriver/undetected_chromedriver
INFO:root:Running shopee_brand_portal_shop Task : {'id': 1, 'brand_id': 1, 'market_place_id': 1, 'type': 'daily_report', 'scheduled_to_run': '2024-06-05 08:00:00'}
INFO:undetected_chromedriver.patcher:patching driver executable /root/.local/share/undetected_chromedriver/undetected_chromedriver
INFO:root:Running shopee_brand_portal_shop Task : {'id': 19, 'brand_id': 1, 'market_place_id': 1, 'type': 'shopee_brand_portal_shop', 'scheduled_to_run': '2024-06-02 08:00:00', 'status': 3, 'created_at': '2024-06-04T17:56:00.000000Z', 'updated_at': '2024-06-07T15:01:11.000000Z'}
INFO:undetected_chromedriver.patcher:patching driver executable /home/rajab/.local/share/undetected_chromedriver/undetected_chromedriver
INFO:root:Running shopee_brand_portal_shop Task : {'id': 19, 'brand_id': 1, 'market_place_id': 1, 'type': 'shopee_brand_portal_shop', 'scheduled_to_run': '2024-06-02 08:00:00', 'status': 3, 'created_at': '2024-06-04T17:56:00.000000Z', 'updated_at': '2024-06-07T15:11:20.000000Z'}
INFO:undetected_chromedriver.patcher:patching driver executable /home/rajab/.local/share/undetected_chromedriver/undetected_chromedriver
INFO:root:Running shopee_brand_portal_shop Task : {'id': 19, 'brand_id': 1, 'market_place_id': 1, 'type': 'shopee_brand_portal_shop', 'scheduled_to_run': '2024-06-02 08:00:00', 'status': 3, 'created_at': '2024-06-04T17:56:00.000000Z', 'updated_at': '2024-06-07T15:17:41.000000Z'}
INFO:undetected_chromedriver.patcher:patching driver executable /home/rajab/.local/share/undetected_chromedriver/undetected_chromedriver
INFO:root:Running shopee_brand_portal_shop Task : {'id': 19, 'brand_id': 1, 'market_place_id': 1, 'type': 'shopee_brand_portal_shop', 'scheduled_to_run': '2024-06-02 08:00:00', 'status': 3, 'created_at': '2024-06-04T17:56:00.000000Z', 'updated_at': '2024-06-07T15:26:10.000000Z'}
INFO:undetected_chromedriver.patcher:patching driver executable /home/rajab/.local/share/undetected_chromedriver/undetected_chromedriver
INFO:root:Running shopee_brand_portal_shop Task : {'id': 19, 'brand_id': 1, 'market_place_id': 1, 'type': 'shopee_brand_portal_shop', 'scheduled_to_run': '2024-06-02 08:00:00', 'status': 3, 'created_at': '2024-06-04T17:56:00.000000Z', 'updated_at': '2024-06-07T15:37:00.000000Z'}
INFO:undetected_chromedriver.patcher:patching driver executable /home/rajab/.local/share/undetected_chromedriver/undetected_chromedriver
INFO:root:Running shopee_brand_portal_shop Task : {'id': 19, 'brand_id': 1, 'market_place_id': 1, 'type': 'shopee_brand_portal_shop', 'scheduled_to_run': '2024-06-02 08:00:00', 'status': 3, 'created_at': '2024-06-04T17:56:00.000000Z', 'updated_at': '2024-06-07T15:52:10.000000Z'}
INFO:undetected_chromedriver.patcher:patching driver executable /home/rajab/.local/share/undetected_chromedriver/undetected_chromedriver
INFO:root:Running shopee_brand_portal_shop Task : {'id': 19, 'brand_id': 1, 'market_place_id': 1, 'type': 'shopee_brand_portal_shop', 'scheduled_to_run': '2024-06-02 08:00:00', 'status': 3, 'created_at': '2024-06-04T17:56:00.000000Z', 'updated_at': '2024-06-07T15:54:20.000000Z'}
INFO:undetected_chromedriver.patcher:patching driver executable /home/rajab/.local/share/undetected_chromedriver/undetected_chromedriver
INFO:root:Running shopee_brand_portal_shop Task : {'id': 19, 'brand_id': 1, 'market_place_id': 1, 'type': 'shopee_brand_portal_shop', 'scheduled_to_run': '2024-06-02 08:00:00', 'status': 3, 'created_at': '2024-06-04T17:56:00.000000Z', 'updated_at': '2024-06-07T16:19:10.000000Z'}
INFO:undetected_chromedriver.patcher:patching driver executable /home/rajab/.local/share/undetected_chromedriver/undetected_chromedriver
INFO:root:Running shopee_brand_portal_shop Task : {'id': 19, 'brand_id': 1, 'market_place_id': 1, 'type': 'shopee_brand_portal_shop', 'scheduled_to_run': '2024-06-02 08:00:00', 'status': 3, 'created_at': '2024-06-04T17:56:00.000000Z', 'updated_at': '2024-06-07T16:22:20.000000Z'}
INFO:undetected_chromedriver.patcher:patching driver executable /home/rajab/.local/share/undetected_chromedriver/undetected_chromedriver
INFO:root:Running shopee_brand_portal_shop Task : {'id': 19, 'brand_id': 1, 'market_place_id': 1, 'type': 'shopee_brand_portal_shop', 'scheduled_to_run': '2024-06-02 08:00:00', 'status': 3, 'created_at': '2024-06-04T17:56:00.000000Z', 'updated_at': '2024-06-07T16:46:00.000000Z'}
INFO:undetected_chromedriver.patcher:patching driver executable /home/rajab/.local/share/undetected_chromedriver/undetected_chromedriver
INFO:root:Running shopee_brand_portal_shop Task : {'id': 19, 'brand_id': 1, 'market_place_id': 1, 'type': 'shopee_brand_portal_shop', 'scheduled_to_run': '2024-06-02 08:00:00', 'status': 3, 'created_at': '2024-06-04T10:56:00.000000Z', 'updated_at': '2024-06-08T08:15:00.000000Z'}
INFO:root:Task scheduled to run at: 2024-06-02 08:00:00
INFO:root:Year: 2024, Month: Jun, Day: 2, Weekday: 6
INFO:undetected_chromedriver.patcher:patching driver executable /home/rajab/.local/share/undetected_chromedriver/undetected_chromedriver
INFO:root:Running shopee_brand_portal_shop Task : {'id': 19, 'brand_id': 1, 'market_place_id': 1, 'type': 'shopee_brand_portal_shop', 'scheduled_to_run': '2024-06-02 08:00:00', 'status': 3, 'created_at': '2024-06-04T10:56:00.000000Z', 'updated_at': '2024-06-08T08:26:10.000000Z'}
INFO:root:Task scheduled to run at: 2024-06-02 08:00:00
INFO:root:Year: 2024, Month: Jun, Day: 2, Weekday: 6
INFO:undetected_chromedriver.patcher:patching driver executable /home/rajab/.local/share/undetected_chromedriver/undetected_chromedriver
INFO:root:ID : 19 , Type : shopee_brand_portal_shop , Untuk Data Tanggal =  Year: 2024, Month: Jun, Day: 2
INFO:undetected_chromedriver.patcher:patching driver executable /home/rajab/.local/share/undetected_chromedriver/undetected_chromedriver
INFO:root:ID : 19 , Type : shopee_brand_portal_shop , Untuk Data Tanggal =  Year: 2024, Month: Jun, Day: 2
INFO:undetected_chromedriver.patcher:patching driver executable /home/rajab/.local/share/undetected_chromedriver/undetected_chromedriver
INFO:root:ID : 1 , Type : shopee_brand_portal_shop , Untuk Data Tanggal =  Year: 2024, Month: Jun, Day: 2
INFO:undetected_chromedriver.patcher:patching driver executable /home/rajab/.local/share/undetected_chromedriver/undetected_chromedriver
ERROR:root:Terjadi Kesalahan : Message: 
Stacktrace:
#0 0x55c7f99ade3a <unknown>
#1 0x55c7f969745c <unknown>
#2 0x55c7f96e35b5 <unknown>
#3 0x55c7f96e3671 <unknown>
#4 0x55c7f9727f14 <unknown>
#5 0x55c7f97064dd <unknown>
#6 0x55c7f97252cc <unknown>
#7 0x55c7f9706253 <unknown>
#8 0x55c7f96d61c7 <unknown>
#9 0x55c7f96d6b3e <unknown>
#10 0x55c7f997427b <unknown>
#11 0x55c7f9978327 <unknown>
#12 0x55c7f9960dae <unknown>
#13 0x55c7f9978df2 <unknown>
#14 0x55c7f994574f <unknown>
#15 0x55c7f999d128 <unknown>
#16 0x55c7f999d2fb <unknown>
#17 0x55c7f99acf6c <unknown>
#18 0x7f131a254ac3 <unknown>

INFO:root:ID : 2 , Type : shopee_brand_portal_shop , Untuk Data Tanggal =  Year: 2024, Month: Jun, Day: 3
INFO:undetected_chromedriver.patcher:patching driver executable /home/rajab/.local/share/undetected_chromedriver/undetected_chromedriver
INFO:root:ID : 3 , Type : shopee_brand_portal_shop , Untuk Data Tanggal =  Year: 2024, Month: Jun, Day: 4
INFO:undetected_chromedriver.patcher:patching driver executable /home/rajab/.local/share/undetected_chromedriver/undetected_chromedriver
INFO:root:ID : 4 , Type : shopee_brand_portal_shop , Untuk Data Tanggal =  Year: 2024, Month: Jun, Day: 5
INFO:undetected_chromedriver.patcher:patching driver executable /home/rajab/.local/share/undetected_chromedriver/undetected_chromedriver
ERROR:root:Terjadi Kesalahan : Message: unknown error: cannot connect to chrome at 127.0.0.1:59159
from chrome not reachable
Stacktrace:
#0 0x55761833de3a <unknown>
#1 0x5576180272a1 <unknown>
#2 0x55761801196f <unknown>
#3 0x557618061825 <unknown>
#4 0x5576180580b4 <unknown>
#5 0x5576180a2b19 <unknown>
#6 0x557618096253 <unknown>
#7 0x5576180661c7 <unknown>
#8 0x557618066b3e <unknown>
#9 0x55761830427b <unknown>
#10 0x557618308327 <unknown>
#11 0x5576182f0dae <unknown>
#12 0x557618308df2 <unknown>
#13 0x5576182d574f <unknown>
#14 0x55761832d128 <unknown>
#15 0x55761832d2fb <unknown>
#16 0x55761833cf6c <unknown>
#17 0x7f48c367fac3 <unknown>

INFO:root:ID : 5 , Type : shopee_brand_portal_shop , Untuk Data Tanggal =  Year: 2024, Month: Jun, Day: 6
INFO:undetected_chromedriver.patcher:patching driver executable /home/rajab/.local/share/undetected_chromedriver/undetected_chromedriver
ERROR:root:Terjadi Kesalahan : Message: unknown error: cannot connect to chrome at 127.0.0.1:40107
from chrome not reachable
Stacktrace:
#0 0x55f231bcae3a <unknown>
#1 0x55f2318b42a1 <unknown>
#2 0x55f23189e96f <unknown>
#3 0x55f2318ee825 <unknown>
#4 0x55f2318e50b4 <unknown>
#5 0x55f23192fb19 <unknown>
#6 0x55f231923253 <unknown>
#7 0x55f2318f31c7 <unknown>
#8 0x55f2318f3b3e <unknown>
#9 0x55f231b9127b <unknown>
#10 0x55f231b95327 <unknown>
#11 0x55f231b7ddae <unknown>
#12 0x55f231b95df2 <unknown>
#13 0x55f231b6274f <unknown>
#14 0x55f231bba128 <unknown>
#15 0x55f231bba2fb <unknown>
#16 0x55f231bc9f6c <unknown>
#17 0x7fd16375fac3 <unknown>

INFO:root:ID : 6 , Type : shopee_brand_portal_shop , Untuk Data Tanggal =  Year: 2024, Month: Jun, Day: 7
INFO:undetected_chromedriver.patcher:patching driver executable /home/rajab/.local/share/undetected_chromedriver/undetected_chromedriver
ERROR:root:Terjadi Kesalahan : Message: unknown error: cannot connect to chrome at 127.0.0.1:50221
from chrome not reachable
Stacktrace:
#0 0x56457aa07e3a <unknown>
#1 0x56457a6f12a1 <unknown>
#2 0x56457a6db96f <unknown>
#3 0x56457a72b825 <unknown>
#4 0x56457a7220b4 <unknown>
#5 0x56457a76cb19 <unknown>
#6 0x56457a760253 <unknown>
#7 0x56457a7301c7 <unknown>
#8 0x56457a730b3e <unknown>
#9 0x56457a9ce27b <unknown>
#10 0x56457a9d2327 <unknown>
#11 0x56457a9badae <unknown>
#12 0x56457a9d2df2 <unknown>
#13 0x56457a99f74f <unknown>
#14 0x56457a9f7128 <unknown>
#15 0x56457a9f72fb <unknown>
#16 0x56457aa06f6c <unknown>
#17 0x7facc05c7ac3 <unknown>

INFO:root:ID : 7 , Type : shopee_brand_portal_shop , Untuk Data Tanggal =  Year: 2024, Month: Jun, Day: 8
INFO:undetected_chromedriver.patcher:patching driver executable /home/rajab/.local/share/undetected_chromedriver/undetected_chromedriver
ERROR:root:Terjadi Kesalahan : Message: unknown error: cannot connect to chrome at 127.0.0.1:37831
from chrome not reachable
Stacktrace:
#0 0x56351f3cde3a <unknown>
#1 0x56351f0b72a1 <unknown>
#2 0x56351f0a196f <unknown>
#3 0x56351f0f1825 <unknown>
#4 0x56351f0e80b4 <unknown>
#5 0x56351f132b19 <unknown>
#6 0x56351f126253 <unknown>
#7 0x56351f0f61c7 <unknown>
#8 0x56351f0f6b3e <unknown>
#9 0x56351f39427b <unknown>
#10 0x56351f398327 <unknown>
#11 0x56351f380dae <unknown>
#12 0x56351f398df2 <unknown>
#13 0x56351f36574f <unknown>
#14 0x56351f3bd128 <unknown>
#15 0x56351f3bd2fb <unknown>
#16 0x56351f3ccf6c <unknown>
#17 0x7f0f2acc4ac3 <unknown>

INFO:root:ID : 1 , Type : shopee_brand_portal_shop , Untuk Data Tanggal =  Year: 2024, Month: Jun, Day: 2
INFO:undetected_chromedriver.patcher:patching driver executable /home/rajab/.local/share/undetected_chromedriver/undetected_chromedriver
ERROR:root:Terjadi Kesalahan : Message: element not interactable
  (Session info: chrome=125.0.6422.141)
Stacktrace:
#0 0x557b828ffe3a <unknown>
#1 0x557b825e92a1 <unknown>
#2 0x557b8263670f <unknown>
#3 0x557b8262a0ff <unknown>
#4 0x557b826584b2 <unknown>
#5 0x557b82629a79 <unknown>
#6 0x557b8265867e <unknown>
#7 0x557b826772cc <unknown>
#8 0x557b82658253 <unknown>
#9 0x557b826281c7 <unknown>
#10 0x557b82628b3e <unknown>
#11 0x557b828c627b <unknown>
#12 0x557b828ca327 <unknown>
#13 0x557b828b2dae <unknown>
#14 0x557b828cadf2 <unknown>
#15 0x557b8289774f <unknown>
#16 0x557b828ef128 <unknown>
#17 0x557b828ef2fb <unknown>
#18 0x557b828fef6c <unknown>
#19 0x7f4d9be5eac3 <unknown>

INFO:root:ID : 2 , Type : shopee_brand_portal_shop , Untuk Data Tanggal =  Year: 2024, Month: Jun, Day: 3
INFO:undetected_chromedriver.patcher:patching driver executable /home/rajab/.local/share/undetected_chromedriver/undetected_chromedriver
ERROR:root:Terjadi Kesalahan : Message: element not interactable
  (Session info: chrome=125.0.6422.141)
Stacktrace:
#0 0x55656ccd9e3a <unknown>
#1 0x55656c9c32a1 <unknown>
#2 0x55656ca1070f <unknown>
#3 0x55656ca040ff <unknown>
#4 0x55656ca324b2 <unknown>
#5 0x55656ca03a79 <unknown>
#6 0x55656ca3267e <unknown>
#7 0x55656ca512cc <unknown>
#8 0x55656ca32253 <unknown>
#9 0x55656ca021c7 <unknown>
#10 0x55656ca02b3e <unknown>
#11 0x55656cca027b <unknown>
#12 0x55656cca4327 <unknown>
#13 0x55656cc8cdae <unknown>
#14 0x55656cca4df2 <unknown>
#15 0x55656cc7174f <unknown>
#16 0x55656ccc9128 <unknown>
#17 0x55656ccc92fb <unknown>
#18 0x55656ccd8f6c <unknown>
#19 0x7f6d03b24ac3 <unknown>

INFO:root:ID : 3 , Type : shopee_brand_portal_shop , Untuk Data Tanggal =  Year: 2024, Month: Jun, Day: 4
INFO:undetected_chromedriver.patcher:patching driver executable /home/rajab/.local/share/undetected_chromedriver/undetected_chromedriver
ERROR:root:Terjadi Kesalahan : File tidak berhasil diunduh dalam batas waktu yang ditentukan.
INFO:root:ID : 4 , Type : shopee_brand_portal_shop , Untuk Data Tanggal =  Year: 2024, Month: Jun, Day: 5
INFO:undetected_chromedriver.patcher:patching driver executable /home/rajab/.local/share/undetected_chromedriver/undetected_chromedriver
ERROR:root:Terjadi Kesalahan : 'data_date'
INFO:root:ID : 5 , Type : shopee_brand_portal_shop , Untuk Data Tanggal =  Year: 2024, Month: Jun, Day: 6
INFO:undetected_chromedriver.patcher:patching driver executable /home/rajab/.local/share/undetected_chromedriver/undetected_chromedriver
ERROR:root:Terjadi Kesalahan : File tidak berhasil diunduh dalam batas waktu yang ditentukan.
INFO:root:ID : 6 , Type : shopee_brand_portal_shop , Untuk Data Tanggal =  Year: 2024, Month: Jun, Day: 7
INFO:undetected_chromedriver.patcher:patching driver executable /home/rajab/.local/share/undetected_chromedriver/undetected_chromedriver
ERROR:root:Terjadi Kesalahan : 'data_date'
INFO:root:ID : 7 , Type : shopee_brand_portal_shop , Untuk Data Tanggal =  Year: 2024, Month: Jun, Day: 8
INFO:undetected_chromedriver.patcher:patching driver executable /home/rajab/.local/share/undetected_chromedriver/undetected_chromedriver
ERROR:root:Terjadi Kesalahan : Message: 
Stacktrace:
#0 0x56158a01fe3a <unknown>
#1 0x561589d0945c <unknown>
#2 0x561589d555b5 <unknown>
#3 0x561589d55671 <unknown>
#4 0x561589d99f14 <unknown>
#5 0x561589d784dd <unknown>
#6 0x561589d972cc <unknown>
#7 0x561589d78253 <unknown>
#8 0x561589d481c7 <unknown>
#9 0x561589d48b3e <unknown>
#10 0x561589fe627b <unknown>
#11 0x561589fea327 <unknown>
#12 0x561589fd2dae <unknown>
#13 0x561589feadf2 <unknown>
#14 0x561589fb774f <unknown>
#15 0x56158a00f128 <unknown>
#16 0x56158a00f2fb <unknown>
#17 0x56158a01ef6c <unknown>
#18 0x7fa3be3e0ac3 <unknown>

INFO:root:ID : 1 , Type : shopee_brand_portal_shop , Untuk Data Tanggal =  Year: 2024, Month: Jun, Day: 2
INFO:undetected_chromedriver.patcher:patching driver executable /home/rajab/.local/share/undetected_chromedriver/undetected_chromedriver
INFO:root:ID : 2 , Type : shopee_brand_portal_shop , Untuk Data Tanggal =  Year: 2024, Month: Jun, Day: 3
INFO:undetected_chromedriver.patcher:patching driver executable /home/rajab/.local/share/undetected_chromedriver/undetected_chromedriver
ERROR:root:Terjadi Kesalahan : File tidak berhasil diunduh dalam batas waktu yang ditentukan.
INFO:root:ID : 3 , Type : shopee_brand_portal_shop , Untuk Data Tanggal =  Year: 2024, Month: Jun, Day: 4
INFO:undetected_chromedriver.patcher:patching driver executable /home/rajab/.local/share/undetected_chromedriver/undetected_chromedriver
INFO:root:ID : 2 , Type : shopee_brand_portal_shop , Untuk Data Tanggal =  Year: 2024, Month: Jun, Day: 3
INFO:undetected_chromedriver.patcher:patching driver executable /home/rajab/.local/share/undetected_chromedriver/undetected_chromedriver
INFO:root:ID : 25 , Type : shopee_brand_portal_shop , Untuk Data Tanggal =  Year: 2024, Month: Jun, Day: 9
INFO:undetected_chromedriver.patcher:patching driver executable /home/rajab/.local/share/undetected_chromedriver/undetected_chromedriver
ERROR:root:Terjadi Kesalahan : Message: 
Stacktrace:
#0 0x564bec59ce3a <unknown>
#1 0x564bec28645c <unknown>
#2 0x564bec2d25b5 <unknown>
#3 0x564bec2d2671 <unknown>
#4 0x564bec316f14 <unknown>
#5 0x564bec2f54dd <unknown>
#6 0x564bec3142cc <unknown>
#7 0x564bec2f5253 <unknown>
#8 0x564bec2c51c7 <unknown>
#9 0x564bec2c5b3e <unknown>
#10 0x564bec56327b <unknown>
#11 0x564bec567327 <unknown>
#12 0x564bec54fdae <unknown>
#13 0x564bec567df2 <unknown>
#14 0x564bec53474f <unknown>
#15 0x564bec58c128 <unknown>
#16 0x564bec58c2fb <unknown>
#17 0x564bec59bf6c <unknown>
#18 0x7fb679b50ac3 <unknown>

INFO:root:ID : 4 , Type : shopee_brand_portal_shop , Untuk Data Tanggal =  Year: 2024, Month: Jun, Day: 5
INFO:undetected_chromedriver.patcher:patching driver executable /home/rajab/.local/share/undetected_chromedriver/undetected_chromedriver
ERROR:root:Terjadi Kesalahan : HTTPConnectionPool(host='127.0.0.1', port=8000): Max retries exceeded with url: /rawdata (Caused by NewConnectionError('<urllib3.connection.HTTPConnection object at 0x7f1f5b3084c0>: Failed to establish a new connection: [Errno 111] Connection refused'))
INFO:root:ID : 4 , Type : shopee_brand_portal_shop , Untuk Data Tanggal =  Year: 2024, Month: Jun, Day: 5
INFO:undetected_chromedriver.patcher:patching driver executable /home/rajab/.local/share/undetected_chromedriver/undetected_chromedriver
ERROR:root:Terjadi Kesalahan : HTTPConnectionPool(host='127.0.0.1', port=8000): Max retries exceeded with url: /rawdata (Caused by NewConnectionError('<urllib3.connection.HTTPConnection object at 0x7f2c19aec1c0>: Failed to establish a new connection: [Errno 111] Connection refused'))
INFO:root:ID : 4 , Type : shopee_brand_portal_shop , Untuk Data Tanggal =  Year: 2024, Month: Jun, Day: 5
INFO:undetected_chromedriver.patcher:patching driver executable /home/rajab/.local/share/undetected_chromedriver/undetected_chromedriver
ERROR:root:Terjadi Kesalahan : HTTPConnectionPool(host='127.0.0.1', port=8000): Max retries exceeded with url: /rawdata (Caused by NewConnectionError('<urllib3.connection.HTTPConnection object at 0x7f54680f8040>: Failed to establish a new connection: [Errno 111] Connection refused'))
INFO:root:ID : 4 , Type : shopee_brand_portal_shop , Untuk Data Tanggal =  Year: 2024, Month: Jun, Day: 5
INFO:undetected_chromedriver.patcher:patching driver executable /home/rajab/.local/share/undetected_chromedriver/undetected_chromedriver
ERROR:root:Terjadi Kesalahan : Message: 
Stacktrace:
#0 0x55dc92cefe3a <unknown>
#1 0x55dc929d945c <unknown>
#2 0x55dc92a255b5 <unknown>
#3 0x55dc92a25671 <unknown>
#4 0x55dc92a69f14 <unknown>
#5 0x55dc92a484dd <unknown>
#6 0x55dc92a672cc <unknown>
#7 0x55dc92a48253 <unknown>
#8 0x55dc92a181c7 <unknown>
#9 0x55dc92a18b3e <unknown>
#10 0x55dc92cb627b <unknown>
#11 0x55dc92cba327 <unknown>
#12 0x55dc92ca2dae <unknown>
#13 0x55dc92cbadf2 <unknown>
#14 0x55dc92c8774f <unknown>
#15 0x55dc92cdf128 <unknown>
#16 0x55dc92cdf2fb <unknown>
#17 0x55dc92ceef6c <unknown>
#18 0x7f9604486ac3 <unknown>

INFO:root:ID : 4 , Type : shopee_brand_portal_shop , Untuk Data Tanggal =  Year: 2024, Month: Jun, Day: 5
INFO:undetected_chromedriver.patcher:patching driver executable /home/rajab/.local/share/undetected_chromedriver/undetected_chromedriver
ERROR:root:Terjadi kesalahan pada file '/home/rajab/.local/lib/python3.10/site-packages/selenium/webdriver/support/wait.py', baris ke-95: Message: 
Stacktrace:
#0 0x55ea75003e3a <unknown>
#1 0x55ea74ced45c <unknown>
#2 0x55ea74d395b5 <unknown>
#3 0x55ea74d39671 <unknown>
#4 0x55ea74d7df14 <unknown>
#5 0x55ea74d5c4dd <unknown>
#6 0x55ea74d7b2cc <unknown>
#7 0x55ea74d5c253 <unknown>
#8 0x55ea74d2c1c7 <unknown>
#9 0x55ea74d2cb3e <unknown>
#10 0x55ea74fca27b <unknown>
#11 0x55ea74fce327 <unknown>
#12 0x55ea74fb6dae <unknown>
#13 0x55ea74fcedf2 <unknown>
#14 0x55ea74f9b74f <unknown>
#15 0x55ea74ff3128 <unknown>
#16 0x55ea74ff32fb <unknown>
#17 0x55ea75002f6c <unknown>
#18 0x7fe439353ac3 <unknown>

INFO:root:ID : 4 , Type : shopee_brand_portal_shop , Untuk Data Tanggal =  Year: 2024, Month: Jun, Day: 5
INFO:undetected_chromedriver.patcher:patching driver executable /home/rajab/.local/share/undetected_chromedriver/undetected_chromedriver
ERROR:root:Terjadi kesalahan: Message: 
Stacktrace:
#0 0x558eb4defe3a <unknown>
#1 0x558eb4ad945c <unknown>
#2 0x558eb4b255b5 <unknown>
#3 0x558eb4b25671 <unknown>
#4 0x558eb4b69f14 <unknown>
#5 0x558eb4b484dd <unknown>
#6 0x558eb4b672cc <unknown>
#7 0x558eb4b48253 <unknown>
#8 0x558eb4b181c7 <unknown>
#9 0x558eb4b18b3e <unknown>
#10 0x558eb4db627b <unknown>
#11 0x558eb4dba327 <unknown>
#12 0x558eb4da2dae <unknown>
#13 0x558eb4dbadf2 <unknown>
#14 0x558eb4d8774f <unknown>
#15 0x558eb4ddf128 <unknown>
#16 0x558eb4ddf2fb <unknown>
#17 0x558eb4deef6c <unknown>
#18 0x7f23a8af5ac3 <unknown>

Traceback (most recent call last):
  File "/home/rajab/laravel/myproject/realco_dashboard/scripts/shopee_brand_portal_shop.py", line 48, in <module>
    pilih_by_day = wait.until(EC.presence_of_element_located((By.XPATH, "//*[contains(text(), 'By Day')]")))
  File "/home/rajab/.local/lib/python3.10/site-packages/selenium/webdriver/support/wait.py", line 95, in until
    raise TimeoutException(message, screen, stacktrace)
selenium.common.exceptions.TimeoutException: Message: 
Stacktrace:
#0 0x558eb4defe3a <unknown>
#1 0x558eb4ad945c <unknown>
#2 0x558eb4b255b5 <unknown>
#3 0x558eb4b25671 <unknown>
#4 0x558eb4b69f14 <unknown>
#5 0x558eb4b484dd <unknown>
#6 0x558eb4b672cc <unknown>
#7 0x558eb4b48253 <unknown>
#8 0x558eb4b181c7 <unknown>
#9 0x558eb4b18b3e <unknown>
#10 0x558eb4db627b <unknown>
#11 0x558eb4dba327 <unknown>
#12 0x558eb4da2dae <unknown>
#13 0x558eb4dbadf2 <unknown>
#14 0x558eb4d8774f <unknown>
#15 0x558eb4ddf128 <unknown>
#16 0x558eb4ddf2fb <unknown>
#17 0x558eb4deef6c <unknown>
#18 0x7f23a8af5ac3 <unknown>


INFO:root:ID : 4 , Type : shopee_brand_portal_shop , Untuk Data Tanggal =  Year: 2024, Month: Jun, Day: 5
INFO:undetected_chromedriver.patcher:patching driver executable /home/rajab/.local/share/undetected_chromedriver/undetected_chromedriver
ERROR:root:Terjadi kesalahan: File tidak berhasil diunduh dalam batas waktu yang ditentukan.
Traceback (most recent call last):
  File "/home/rajab/laravel/myproject/realco_dashboard/scripts/shopee_brand_portal_shop.py", line 93, in <module>
    raise FileNotFoundError("File tidak berhasil diunduh dalam batas waktu yang ditentukan.")
FileNotFoundError: File tidak berhasil diunduh dalam batas waktu yang ditentukan.

INFO:root:ID : 4 , Type : shopee_brand_portal_shop , Untuk Data Tanggal =  Year: 2024, Month: Jun, Day: 5
INFO:undetected_chromedriver.patcher:patching driver executable /home/rajab/.local/share/undetected_chromedriver/undetected_chromedriver
ERROR:root:Terjadi kesalahan: HTTPConnectionPool(host='127.0.0.1', port=8000): Max retries exceeded with url: /rawdata (Caused by NewConnectionError('<urllib3.connection.HTTPConnection object at 0x7effe0df6530>: Failed to establish a new connection: [Errno 111] Connection refused'))
Traceback (most recent call last):
  File "/home/rajab/.local/lib/python3.10/site-packages/urllib3/connection.py", line 203, in _new_conn
    sock = connection.create_connection(
  File "/home/rajab/.local/lib/python3.10/site-packages/urllib3/util/connection.py", line 85, in create_connection
    raise err
  File "/home/rajab/.local/lib/python3.10/site-packages/urllib3/util/connection.py", line 73, in create_connection
    sock.connect(sa)
ConnectionRefusedError: [Errno 111] Connection refused

The above exception was the direct cause of the following exception:

Traceback (most recent call last):
  File "/home/rajab/.local/lib/python3.10/site-packages/urllib3/connectionpool.py", line 790, in urlopen
    response = self._make_request(
  File "/home/rajab/.local/lib/python3.10/site-packages/urllib3/connectionpool.py", line 496, in _make_request
    conn.request(
  File "/home/rajab/.local/lib/python3.10/site-packages/urllib3/connection.py", line 395, in request
    self.endheaders()
  File "/usr/lib/python3.10/http/client.py", line 1278, in endheaders
    self._send_output(message_body, encode_chunked=encode_chunked)
  File "/usr/lib/python3.10/http/client.py", line 1038, in _send_output
    self.send(msg)
  File "/usr/lib/python3.10/http/client.py", line 976, in send
    self.connect()
  File "/home/rajab/.local/lib/python3.10/site-packages/urllib3/connection.py", line 243, in connect
    self.sock = self._new_conn()
  File "/home/rajab/.local/lib/python3.10/site-packages/urllib3/connection.py", line 218, in _new_conn
    raise NewConnectionError(
urllib3.exceptions.NewConnectionError: <urllib3.connection.HTTPConnection object at 0x7effe0df6530>: Failed to establish a new connection: [Errno 111] Connection refused

The above exception was the direct cause of the following exception:

Traceback (most recent call last):
  File "/home/rajab/.local/lib/python3.10/site-packages/requests/adapters.py", line 667, in send
    resp = conn.urlopen(
  File "/home/rajab/.local/lib/python3.10/site-packages/urllib3/connectionpool.py", line 844, in urlopen
    retries = retries.increment(
  File "/home/rajab/.local/lib/python3.10/site-packages/urllib3/util/retry.py", line 515, in increment
    raise MaxRetryError(_pool, url, reason) from reason  # type: ignore[arg-type]
urllib3.exceptions.MaxRetryError: HTTPConnectionPool(host='127.0.0.1', port=8000): Max retries exceeded with url: /rawdata (Caused by NewConnectionError('<urllib3.connection.HTTPConnection object at 0x7effe0df6530>: Failed to establish a new connection: [Errno 111] Connection refused'))

During handling of the above exception, another exception occurred:

Traceback (most recent call last):
  File "/home/rajab/laravel/myproject/realco_dashboard/scripts/shopee_brand_portal_shop.py", line 104, in <module>
    api.insertData(
  File "/home/rajab/laravel/myproject/realco_dashboard/scripts/api.py", line 45, in insertData
    response = requests.post(url, json=payload, headers=headers)
  File "/home/rajab/.local/lib/python3.10/site-packages/requests/api.py", line 115, in post
    return request("post", url, data=data, json=json, **kwargs)
  File "/home/rajab/.local/lib/python3.10/site-packages/requests/api.py", line 59, in request
    return session.request(method=method, url=url, **kwargs)
  File "/home/rajab/.local/lib/python3.10/site-packages/requests/sessions.py", line 589, in request
    resp = self.send(prep, **send_kwargs)
  File "/home/rajab/.local/lib/python3.10/site-packages/requests/sessions.py", line 703, in send
    r = adapter.send(request, **kwargs)
  File "/home/rajab/.local/lib/python3.10/site-packages/requests/adapters.py", line 700, in send
    raise ConnectionError(e, request=request)
requests.exceptions.ConnectionError: HTTPConnectionPool(host='127.0.0.1', port=8000): Max retries exceeded with url: /rawdata (Caused by NewConnectionError('<urllib3.connection.HTTPConnection object at 0x7effe0df6530>: Failed to establish a new connection: [Errno 111] Connection refused'))

INFO:root:ID : 4 , Type : shopee_brand_portal_shop , Untuk Data Tanggal =  Year: 2024, Month: Jun, Day: 5
INFO:undetected_chromedriver.patcher:patching driver executable /home/rajab/.local/share/undetected_chromedriver/undetected_chromedriver
INFO:root:ID : 5 , Type : shopee_brand_portal_shop , Untuk Data Tanggal =  Year: 2024, Month: Jun, Day: 6
INFO:undetected_chromedriver.patcher:patching driver executable /home/rajab/.local/share/undetected_chromedriver/undetected_chromedriver
ERROR:root:Terjadi kesalahan: Message: unknown error: cannot connect to chrome at 127.0.0.1:55843
from chrome not reachable
Stacktrace:
#0 0x55c1818e2e3a <unknown>
#1 0x55c1815cc2a1 <unknown>
#2 0x55c1815b696f <unknown>
#3 0x55c181606825 <unknown>
#4 0x55c1815fd0b4 <unknown>
#5 0x55c181647b19 <unknown>
#6 0x55c18163b253 <unknown>
#7 0x55c18160b1c7 <unknown>
#8 0x55c18160bb3e <unknown>
#9 0x55c1818a927b <unknown>
#10 0x55c1818ad327 <unknown>
#11 0x55c181895dae <unknown>
#12 0x55c1818addf2 <unknown>
#13 0x55c18187a74f <unknown>
#14 0x55c1818d2128 <unknown>
#15 0x55c1818d22fb <unknown>
#16 0x55c1818e1f6c <unknown>
#17 0x7fb122531ac3 <unknown>

Traceback (most recent call last):
  File "/home/rajab/laravel/myproject/realco_dashboard/scripts/shopee_brand_portal_shop.py", line 39, in <module>
    driver = uc.Chrome(options=options)
  File "/home/rajab/.local/lib/python3.10/site-packages/undetected_chromedriver/__init__.py", line 466, in __init__
    super(Chrome, self).__init__(
  File "/home/rajab/.local/lib/python3.10/site-packages/selenium/webdriver/chrome/webdriver.py", line 49, in __init__
    super().__init__(
  File "/home/rajab/.local/lib/python3.10/site-packages/selenium/webdriver/chromium/webdriver.py", line 54, in __init__
    super().__init__(
  File "/home/rajab/.local/lib/python3.10/site-packages/selenium/webdriver/remote/webdriver.py", line 206, in __init__
    self.start_session(capabilities)
  File "/home/rajab/.local/lib/python3.10/site-packages/undetected_chromedriver/__init__.py", line 724, in start_session
    super(selenium.webdriver.chrome.webdriver.WebDriver, self).start_session(
  File "/home/rajab/.local/lib/python3.10/site-packages/selenium/webdriver/remote/webdriver.py", line 291, in start_session
    response = self.execute(Command.NEW_SESSION, caps)["value"]
  File "/home/rajab/.local/lib/python3.10/site-packages/selenium/webdriver/remote/webdriver.py", line 346, in execute
    self.error_handler.check_response(response)
  File "/home/rajab/.local/lib/python3.10/site-packages/selenium/webdriver/remote/errorhandler.py", line 245, in check_response
    raise exception_class(message, screen, stacktrace)
selenium.common.exceptions.WebDriverException: Message: unknown error: cannot connect to chrome at 127.0.0.1:55843
from chrome not reachable
Stacktrace:
#0 0x55c1818e2e3a <unknown>
#1 0x55c1815cc2a1 <unknown>
#2 0x55c1815b696f <unknown>
#3 0x55c181606825 <unknown>
#4 0x55c1815fd0b4 <unknown>
#5 0x55c181647b19 <unknown>
#6 0x55c18163b253 <unknown>
#7 0x55c18160b1c7 <unknown>
#8 0x55c18160bb3e <unknown>
#9 0x55c1818a927b <unknown>
#10 0x55c1818ad327 <unknown>
#11 0x55c181895dae <unknown>
#12 0x55c1818addf2 <unknown>
#13 0x55c18187a74f <unknown>
#14 0x55c1818d2128 <unknown>
#15 0x55c1818d22fb <unknown>
#16 0x55c1818e1f6c <unknown>
#17 0x7fb122531ac3 <unknown>


INFO:root:ID : 5 , Type : shopee_brand_portal_shop , Untuk Data Tanggal =  Year: 2024, Month: Jun, Day: 6
INFO:undetected_chromedriver.patcher:patching driver executable /home/rajab/.local/share/undetected_chromedriver/undetected_chromedriver
INFO:root:ID : 1 , Type : shopee_brand_portal_shop , Untuk Data Tanggal =  Year: 2024, Month: Jun, Day: 1
INFO:undetected_chromedriver.patcher:patching driver executable /home/rajab/.local/share/undetected_chromedriver/undetected_chromedriver
INFO:root:ID : 1 , Type : shopee_brand_portal_shop , Untuk Data Tanggal =  Year: 2024, Month: Jun, Day: 1
INFO:undetected_chromedriver.patcher:patching driver executable /home/rajab/.local/share/undetected_chromedriver/undetected_chromedriver
INFO:root:ID : 1 , Type : shopee_brand_portal_shop , Untuk Data Tanggal =  Year: 2024, Month: Jun, Day: 1
INFO:undetected_chromedriver.patcher:patching driver executable /home/rajab/.local/share/undetected_chromedriver/undetected_chromedriver
INFO:root:ID : 2 , Type : shopee_brand_portal_shop , Untuk Data Tanggal =  Year: 2024, Month: Jun, Day: 2
INFO:undetected_chromedriver.patcher:patching driver executable /home/rajab/.local/share/undetected_chromedriver/undetected_chromedriver
INFO:root:ID : 3 , Type : shopee_brand_portal_shop , Untuk Data Tanggal =  Year: 2024, Month: Jun, Day: 3
INFO:undetected_chromedriver.patcher:patching driver executable /home/rajab/.local/share/undetected_chromedriver/undetected_chromedriver
INFO:root:ID : 4 , Type : shopee_brand_portal_shop , Untuk Data Tanggal =  Year: 2024, Month: Jun, Day: 4
INFO:undetected_chromedriver.patcher:patching driver executable /home/rajab/.local/share/undetected_chromedriver/undetected_chromedriver
INFO:root:ID : 5 , Type : shopee_brand_portal_shop , Untuk Data Tanggal =  Year: 2024, Month: Jun, Day: 5
INFO:undetected_chromedriver.patcher:patching driver executable /home/rajab/.local/share/undetected_chromedriver/undetected_chromedriver
INFO:root:ID : 6 , Type : shopee_brand_portal_shop , Untuk Data Tanggal =  Year: 2024, Month: Jun, Day: 6
INFO:undetected_chromedriver.patcher:patching driver executable /home/rajab/.local/share/undetected_chromedriver/undetected_chromedriver
INFO:root:ID : 7 , Type : shopee_brand_portal_shop , Untuk Data Tanggal =  Year: 2024, Month: Jun, Day: 7
INFO:undetected_chromedriver.patcher:patching driver executable /home/rajab/.local/share/undetected_chromedriver/undetected_chromedriver
INFO:root:ID : 8 , Type : shopee_brand_portal_shop , Untuk Data Tanggal =  Year: 2024, Month: Jun, Day: 8
INFO:undetected_chromedriver.patcher:patching driver executable /home/rajab/.local/share/undetected_chromedriver/undetected_chromedriver
INFO:root:ID : 9 , Type : shopee_brand_portal_shop , Untuk Data Tanggal =  Year: 2024, Month: Jun, Day: 9
INFO:undetected_chromedriver.patcher:patching driver executable /home/rajab/.local/share/undetected_chromedriver/undetected_chromedriver
ERROR:root:Terjadi kesalahan: Message: 
Stacktrace:
#0 0x5614be92ae3a <unknown>
#1 0x5614be61445c <unknown>
#2 0x5614be6605b5 <unknown>
#3 0x5614be660671 <unknown>
#4 0x5614be6a4f14 <unknown>
#5 0x5614be6834dd <unknown>
#6 0x5614be6a22cc <unknown>
#7 0x5614be683253 <unknown>
#8 0x5614be6531c7 <unknown>
#9 0x5614be653b3e <unknown>
#10 0x5614be8f127b <unknown>
#11 0x5614be8f5327 <unknown>
#12 0x5614be8dddae <unknown>
#13 0x5614be8f5df2 <unknown>
#14 0x5614be8c274f <unknown>
#15 0x5614be91a128 <unknown>
#16 0x5614be91a2fb <unknown>
#17 0x5614be929f6c <unknown>
#18 0x7f469d88eac3 <unknown>

Traceback (most recent call last):
  File "/home/rajab/laravel/myproject/realco_dashboard/scripts/shopee_brand_portal_shop.py", line 76, in <module>
    refresh = wait.until(EC.presence_of_element_located((By.XPATH, "//*[contains(text(), 'Refresh')]")))
  File "/home/rajab/.local/lib/python3.10/site-packages/selenium/webdriver/support/wait.py", line 95, in until
    raise TimeoutException(message, screen, stacktrace)
selenium.common.exceptions.TimeoutException: Message: 
Stacktrace:
#0 0x5614be92ae3a <unknown>
#1 0x5614be61445c <unknown>
#2 0x5614be6605b5 <unknown>
#3 0x5614be660671 <unknown>
#4 0x5614be6a4f14 <unknown>
#5 0x5614be6834dd <unknown>
#6 0x5614be6a22cc <unknown>
#7 0x5614be683253 <unknown>
#8 0x5614be6531c7 <unknown>
#9 0x5614be653b3e <unknown>
#10 0x5614be8f127b <unknown>
#11 0x5614be8f5327 <unknown>
#12 0x5614be8dddae <unknown>
#13 0x5614be8f5df2 <unknown>
#14 0x5614be8c274f <unknown>
#15 0x5614be91a128 <unknown>
#16 0x5614be91a2fb <unknown>
#17 0x5614be929f6c <unknown>
#18 0x7f469d88eac3 <unknown>


INFO:root:ID : 12 , Type : shopee_brand_portal_shop , Untuk Data Tanggal =  Year: 2024, Month: Jun, Day: 9
INFO:root: Type : shopee_brand_portal_shop ,  Link : https://brandportal.shopee.com/seller/insights/sales/shop ,  Untuk Data Tanggal =  Year: 2024, Month: Jun, Day: 9
INFO:undetected_chromedriver.patcher:patching driver executable /home/rajab/.local/share/undetected_chromedriver/undetected_chromedriver
ERROR:root:Terjadi kesalahan: HTTPConnectionPool(host='127.0.0.1', port=8000): Max retries exceeded with url: /rawdata (Caused by NewConnectionError('<urllib3.connection.HTTPConnection object at 0x7f596d7f58a0>: Failed to establish a new connection: [Errno 111] Connection refused'))
Traceback (most recent call last):
  File "/home/rajab/.local/lib/python3.10/site-packages/urllib3/connection.py", line 203, in _new_conn
    sock = connection.create_connection(
  File "/home/rajab/.local/lib/python3.10/site-packages/urllib3/util/connection.py", line 85, in create_connection
    raise err
  File "/home/rajab/.local/lib/python3.10/site-packages/urllib3/util/connection.py", line 73, in create_connection
    sock.connect(sa)
ConnectionRefusedError: [Errno 111] Connection refused

The above exception was the direct cause of the following exception:

Traceback (most recent call last):
  File "/home/rajab/.local/lib/python3.10/site-packages/urllib3/connectionpool.py", line 790, in urlopen
    response = self._make_request(
  File "/home/rajab/.local/lib/python3.10/site-packages/urllib3/connectionpool.py", line 496, in _make_request
    conn.request(
  File "/home/rajab/.local/lib/python3.10/site-packages/urllib3/connection.py", line 395, in request
    self.endheaders()
  File "/usr/lib/python3.10/http/client.py", line 1278, in endheaders
    self._send_output(message_body, encode_chunked=encode_chunked)
  File "/usr/lib/python3.10/http/client.py", line 1038, in _send_output
    self.send(msg)
  File "/usr/lib/python3.10/http/client.py", line 976, in send
    self.connect()
  File "/home/rajab/.local/lib/python3.10/site-packages/urllib3/connection.py", line 243, in connect
    self.sock = self._new_conn()
  File "/home/rajab/.local/lib/python3.10/site-packages/urllib3/connection.py", line 218, in _new_conn
    raise NewConnectionError(
urllib3.exceptions.NewConnectionError: <urllib3.connection.HTTPConnection object at 0x7f596d7f58a0>: Failed to establish a new connection: [Errno 111] Connection refused

The above exception was the direct cause of the following exception:

Traceback (most recent call last):
  File "/home/rajab/.local/lib/python3.10/site-packages/requests/adapters.py", line 667, in send
    resp = conn.urlopen(
  File "/home/rajab/.local/lib/python3.10/site-packages/urllib3/connectionpool.py", line 844, in urlopen
    retries = retries.increment(
  File "/home/rajab/.local/lib/python3.10/site-packages/urllib3/util/retry.py", line 515, in increment
    raise MaxRetryError(_pool, url, reason) from reason  # type: ignore[arg-type]
urllib3.exceptions.MaxRetryError: HTTPConnectionPool(host='127.0.0.1', port=8000): Max retries exceeded with url: /rawdata (Caused by NewConnectionError('<urllib3.connection.HTTPConnection object at 0x7f596d7f58a0>: Failed to establish a new connection: [Errno 111] Connection refused'))

During handling of the above exception, another exception occurred:

Traceback (most recent call last):
  File "/home/rajab/laravel/myproject/realco_dashboard/scripts/shopee_brand_portal_shop.py", line 106, in <module>
    api.insertData(
  File "/home/rajab/laravel/myproject/realco_dashboard/scripts/api.py", line 46, in insertData
    response = requests.post(url, json=payload, headers=headers)
  File "/home/rajab/.local/lib/python3.10/site-packages/requests/api.py", line 115, in post
    return request("post", url, data=data, json=json, **kwargs)
  File "/home/rajab/.local/lib/python3.10/site-packages/requests/api.py", line 59, in request
    return session.request(method=method, url=url, **kwargs)
  File "/home/rajab/.local/lib/python3.10/site-packages/requests/sessions.py", line 589, in request
    resp = self.send(prep, **send_kwargs)
  File "/home/rajab/.local/lib/python3.10/site-packages/requests/sessions.py", line 703, in send
    r = adapter.send(request, **kwargs)
  File "/home/rajab/.local/lib/python3.10/site-packages/requests/adapters.py", line 700, in send
    raise ConnectionError(e, request=request)
requests.exceptions.ConnectionError: HTTPConnectionPool(host='127.0.0.1', port=8000): Max retries exceeded with url: /rawdata (Caused by NewConnectionError('<urllib3.connection.HTTPConnection object at 0x7f596d7f58a0>: Failed to establish a new connection: [Errno 111] Connection refused'))

INFO:root:ID : 12 , Type : shopee_brand_portal_shop ,  Link : https://brandportal.shopee.com/seller/insights/sales/shop ,  Untuk Data Tanggal =  Year: 2024, Month: Jun, Day: 9
INFO:root:ID : 12 , Type : shopee_brand_portal_shop ,  Link : https://brandportal.shopee.com/seller/insights/sales/shop ,  Untuk Data Tanggal =  Year: 2024, Month: Jun, Day: 9
INFO:root:Memulai driver Chrome...
INFO:root:ID : 12 , Type : shopee_brand_portal_shop ,  Link : https://brandportal.shopee.com/seller/insights/sales/shop ,  Untuk Data Tanggal =  Year: 2024, Month: Jun, Day: 9
INFO:root:Memulai driver Chrome...
INFO:undetected_chromedriver.patcher:patching driver executable /home/rajab/.local/share/undetected_chromedriver/undetected_chromedriver
INFO:root:Mengakses URL: https://brandportal.shopee.com/seller/insights/sales/shop
ERROR:root:Terjadi kesalahan: Message: element not interactable
  (Session info: chrome=125.0.6422.141)
Stacktrace:
#0 0x55ddba392e3a <unknown>
#1 0x55ddba07c2a1 <unknown>
#2 0x55ddba0c970f <unknown>
#3 0x55ddba0bd0ff <unknown>
#4 0x55ddba0eb4b2 <unknown>
#5 0x55ddba0bca79 <unknown>
#6 0x55ddba0eb67e <unknown>
#7 0x55ddba10a2cc <unknown>
#8 0x55ddba0eb253 <unknown>
#9 0x55ddba0bb1c7 <unknown>
#10 0x55ddba0bbb3e <unknown>
#11 0x55ddba35927b <unknown>
#12 0x55ddba35d327 <unknown>
#13 0x55ddba345dae <unknown>
#14 0x55ddba35ddf2 <unknown>
#15 0x55ddba32a74f <unknown>
#16 0x55ddba382128 <unknown>
#17 0x55ddba3822fb <unknown>
#18 0x55ddba391f6c <unknown>
#19 0x7f2f5e040ac3 <unknown>

Traceback (most recent call last):
  File "/home/rajab/laravel/myproject/realco_dashboard/scripts/shopee_brand_portal_shop.py", line 67, in <module>
    select_month.click()
  File "/home/rajab/.local/lib/python3.10/site-packages/selenium/webdriver/remote/webelement.py", line 94, in click
    self._execute(Command.CLICK_ELEMENT)
  File "/home/rajab/.local/lib/python3.10/site-packages/selenium/webdriver/remote/webelement.py", line 395, in _execute
    return self._parent.execute(command, params)
  File "/home/rajab/.local/lib/python3.10/site-packages/selenium/webdriver/remote/webdriver.py", line 346, in execute
    self.error_handler.check_response(response)
  File "/home/rajab/.local/lib/python3.10/site-packages/selenium/webdriver/remote/errorhandler.py", line 245, in check_response
    raise exception_class(message, screen, stacktrace)
selenium.common.exceptions.ElementNotInteractableException: Message: element not interactable
  (Session info: chrome=125.0.6422.141)
Stacktrace:
#0 0x55ddba392e3a <unknown>
#1 0x55ddba07c2a1 <unknown>
#2 0x55ddba0c970f <unknown>
#3 0x55ddba0bd0ff <unknown>
#4 0x55ddba0eb4b2 <unknown>
#5 0x55ddba0bca79 <unknown>
#6 0x55ddba0eb67e <unknown>
#7 0x55ddba10a2cc <unknown>
#8 0x55ddba0eb253 <unknown>
#9 0x55ddba0bb1c7 <unknown>
#10 0x55ddba0bbb3e <unknown>
#11 0x55ddba35927b <unknown>
#12 0x55ddba35d327 <unknown>
#13 0x55ddba345dae <unknown>
#14 0x55ddba35ddf2 <unknown>
#15 0x55ddba32a74f <unknown>
#16 0x55ddba382128 <unknown>
#17 0x55ddba3822fb <unknown>
#18 0x55ddba391f6c <unknown>
#19 0x7f2f5e040ac3 <unknown>


INFO:root:ID : 12 , Type : shopee_brand_portal_shop ,  Link : https://brandportal.shopee.com/seller/insights/sales/shop ,  Untuk Data Tanggal =  Year: 2024, Month: Jun, Day: 9
INFO:root:Memulai driver Chrome...
INFO:root:ID : 12 , Type : shopee_brand_portal_shop , Untuk Data Tanggal =  Year: 2024, Month: Jun, Day: 9
ERROR:root:Terjadi kesalahan: <urlopen error [Errno 101] Network is unreachable>
Traceback (most recent call last):
  File "/usr/lib/python3.10/urllib/request.py", line 1348, in do_open
    h.request(req.get_method(), req.selector, req.data, headers,
  File "/usr/lib/python3.10/http/client.py", line 1283, in request
    self._send_request(method, url, body, headers, encode_chunked)
  File "/usr/lib/python3.10/http/client.py", line 1329, in _send_request
    self.endheaders(body, encode_chunked=encode_chunked)
  File "/usr/lib/python3.10/http/client.py", line 1278, in endheaders
    self._send_output(message_body, encode_chunked=encode_chunked)
  File "/usr/lib/python3.10/http/client.py", line 1038, in _send_output
    self.send(msg)
  File "/usr/lib/python3.10/http/client.py", line 976, in send
    self.connect()
  File "/usr/lib/python3.10/http/client.py", line 1448, in connect
    super().connect()
  File "/usr/lib/python3.10/http/client.py", line 942, in connect
    self.sock = self._create_connection(
  File "/usr/lib/python3.10/socket.py", line 845, in create_connection
    raise err
  File "/usr/lib/python3.10/socket.py", line 833, in create_connection
    sock.connect(sa)
OSError: [Errno 101] Network is unreachable

During handling of the above exception, another exception occurred:

Traceback (most recent call last):
  File "/home/rajab/laravel/myproject/realco_dashboard/scripts/shopee_brand_portal_shop.py", line 39, in <module>
    driver = uc.Chrome(options=options)
  File "/home/rajab/.local/lib/python3.10/site-packages/undetected_chromedriver/__init__.py", line 258, in __init__
    self.patcher.auto()
  File "/home/rajab/.local/lib/python3.10/site-packages/undetected_chromedriver/patcher.py", line 175, in auto
    release = self.fetch_release_number()
  File "/home/rajab/.local/lib/python3.10/site-packages/undetected_chromedriver/patcher.py", line 250, in fetch_release_number
    with urlopen(self.url_repo + path) as conn:
  File "/usr/lib/python3.10/urllib/request.py", line 216, in urlopen
    return opener.open(url, data, timeout)
  File "/usr/lib/python3.10/urllib/request.py", line 519, in open
    response = self._open(req, data)
  File "/usr/lib/python3.10/urllib/request.py", line 536, in _open
    result = self._call_chain(self.handle_open, protocol, protocol +
  File "/usr/lib/python3.10/urllib/request.py", line 496, in _call_chain
    result = func(*args)
  File "/usr/lib/python3.10/urllib/request.py", line 1391, in https_open
    return self.do_open(http.client.HTTPSConnection, req,
  File "/usr/lib/python3.10/urllib/request.py", line 1351, in do_open
    raise URLError(err)
urllib.error.URLError: <urlopen error [Errno 101] Network is unreachable>

INFO:root:ID : 12 , Type : shopee_brand_portal_shop ,  Link : https://brandportal.shopee.com/seller/insights/sales/shop ,  Untuk Data Tanggal =  Year: 2024, Month: Jun, Day: 9
INFO:undetected_chromedriver.patcher:patching driver executable /home/rajab/.local/share/undetected_chromedriver/undetected_chromedriver
ERROR:root:Terjadi kesalahan: HTTPConnectionPool(host='127.0.0.1', port=8000): Max retries exceeded with url: /rawdata (Caused by NewConnectionError('<urllib3.connection.HTTPConnection object at 0x7f1a095fd9f0>: Failed to establish a new connection: [Errno 111] Connection refused'))
Traceback (most recent call last):
  File "/home/rajab/.local/lib/python3.10/site-packages/urllib3/connection.py", line 203, in _new_conn
    sock = connection.create_connection(
  File "/home/rajab/.local/lib/python3.10/site-packages/urllib3/util/connection.py", line 85, in create_connection
    raise err
  File "/home/rajab/.local/lib/python3.10/site-packages/urllib3/util/connection.py", line 73, in create_connection
    sock.connect(sa)
ConnectionRefusedError: [Errno 111] Connection refused

The above exception was the direct cause of the following exception:

Traceback (most recent call last):
  File "/home/rajab/.local/lib/python3.10/site-packages/urllib3/connectionpool.py", line 790, in urlopen
    response = self._make_request(
  File "/home/rajab/.local/lib/python3.10/site-packages/urllib3/connectionpool.py", line 496, in _make_request
    conn.request(
  File "/home/rajab/.local/lib/python3.10/site-packages/urllib3/connection.py", line 395, in request
    self.endheaders()
  File "/usr/lib/python3.10/http/client.py", line 1278, in endheaders
    self._send_output(message_body, encode_chunked=encode_chunked)
  File "/usr/lib/python3.10/http/client.py", line 1038, in _send_output
    self.send(msg)
  File "/usr/lib/python3.10/http/client.py", line 976, in send
    self.connect()
  File "/home/rajab/.local/lib/python3.10/site-packages/urllib3/connection.py", line 243, in connect
    self.sock = self._new_conn()
  File "/home/rajab/.local/lib/python3.10/site-packages/urllib3/connection.py", line 218, in _new_conn
    raise NewConnectionError(
urllib3.exceptions.NewConnectionError: <urllib3.connection.HTTPConnection object at 0x7f1a095fd9f0>: Failed to establish a new connection: [Errno 111] Connection refused

The above exception was the direct cause of the following exception:

Traceback (most recent call last):
  File "/home/rajab/.local/lib/python3.10/site-packages/requests/adapters.py", line 667, in send
    resp = conn.urlopen(
  File "/home/rajab/.local/lib/python3.10/site-packages/urllib3/connectionpool.py", line 844, in urlopen
    retries = retries.increment(
  File "/home/rajab/.local/lib/python3.10/site-packages/urllib3/util/retry.py", line 515, in increment
    raise MaxRetryError(_pool, url, reason) from reason  # type: ignore[arg-type]
urllib3.exceptions.MaxRetryError: HTTPConnectionPool(host='127.0.0.1', port=8000): Max retries exceeded with url: /rawdata (Caused by NewConnectionError('<urllib3.connection.HTTPConnection object at 0x7f1a095fd9f0>: Failed to establish a new connection: [Errno 111] Connection refused'))

During handling of the above exception, another exception occurred:

Traceback (most recent call last):
  File "/home/rajab/laravel/myproject/realco_dashboard/scripts/shopee_brand_portal_shop.py", line 108, in <module>
    api.insertData(
  File "/home/rajab/laravel/myproject/realco_dashboard/scripts/api.py", line 46, in insertData
    response = requests.post(url, json=payload, headers=headers)
  File "/home/rajab/.local/lib/python3.10/site-packages/requests/api.py", line 115, in post
    return request("post", url, data=data, json=json, **kwargs)
  File "/home/rajab/.local/lib/python3.10/site-packages/requests/api.py", line 59, in request
    return session.request(method=method, url=url, **kwargs)
  File "/home/rajab/.local/lib/python3.10/site-packages/requests/sessions.py", line 589, in request
    resp = self.send(prep, **send_kwargs)
  File "/home/rajab/.local/lib/python3.10/site-packages/requests/sessions.py", line 703, in send
    r = adapter.send(request, **kwargs)
  File "/home/rajab/.local/lib/python3.10/site-packages/requests/adapters.py", line 700, in send
    raise ConnectionError(e, request=request)
requests.exceptions.ConnectionError: HTTPConnectionPool(host='127.0.0.1', port=8000): Max retries exceeded with url: /rawdata (Caused by NewConnectionError('<urllib3.connection.HTTPConnection object at 0x7f1a095fd9f0>: Failed to establish a new connection: [Errno 111] Connection refused'))

INFO:root:ID : 12 , Type : shopee_brand_portal_shop ,  Link : https://brandportal.shopee.com/seller/insights/sales/shop ,  Untuk Data Tanggal =  Year: 2024, Month: Jun, Day: 9
INFO:root:ID : 12 , Type : shopee_brand_portal_shop ,  Link : https://brandportal.shopee.com/seller/insights/sales/shop ,  Untuk Data Tanggal =  Year: 2024, Month: Jun, Day: 9
INFO:undetected_chromedriver.patcher:patching driver executable /home/rajab/.local/share/undetected_chromedriver/undetected_chromedriver
INFO:root:ID : 12 , Type : shopee_brand_portal_shop ,  Link : https://brandportal.shopee.com/seller/insights/sales/shop ,  Untuk Data Tanggal =  Year: 2024, Month: Jun, Day: 9
INFO:undetected_chromedriver.patcher:patching driver executable /home/rajab/.local/share/undetected_chromedriver/undetected_chromedriver
INFO:root:ID : 12 , Type : shopee_brand_portal_shop ,  Link : https://brandportal.shopee.com/seller/insights/sales/shop ,  Untuk Data Tanggal =  Year: 2024, Month: Jun, Day: 9
ERROR:root:Terjadi kesalahan: HTTPConnectionPool(host='127.0.0.1', port=8000): Max retries exceeded with url: /rawdata (Caused by NewConnectionError('<urllib3.connection.HTTPConnection object at 0x7f80d97e4e20>: Failed to establish a new connection: [Errno 111] Connection refused'))
Traceback (most recent call last):
  File "/home/rajab/.local/lib/python3.10/site-packages/urllib3/connection.py", line 203, in _new_conn
    sock = connection.create_connection(
  File "/home/rajab/.local/lib/python3.10/site-packages/urllib3/util/connection.py", line 85, in create_connection
    raise err
  File "/home/rajab/.local/lib/python3.10/site-packages/urllib3/util/connection.py", line 73, in create_connection
    sock.connect(sa)
ConnectionRefusedError: [Errno 111] Connection refused

The above exception was the direct cause of the following exception:

Traceback (most recent call last):
  File "/home/rajab/.local/lib/python3.10/site-packages/urllib3/connectionpool.py", line 790, in urlopen
    response = self._make_request(
  File "/home/rajab/.local/lib/python3.10/site-packages/urllib3/connectionpool.py", line 496, in _make_request
    conn.request(
  File "/home/rajab/.local/lib/python3.10/site-packages/urllib3/connection.py", line 395, in request
    self.endheaders()
  File "/usr/lib/python3.10/http/client.py", line 1278, in endheaders
    self._send_output(message_body, encode_chunked=encode_chunked)
  File "/usr/lib/python3.10/http/client.py", line 1038, in _send_output
    self.send(msg)
  File "/usr/lib/python3.10/http/client.py", line 976, in send
    self.connect()
  File "/home/rajab/.local/lib/python3.10/site-packages/urllib3/connection.py", line 243, in connect
    self.sock = self._new_conn()
  File "/home/rajab/.local/lib/python3.10/site-packages/urllib3/connection.py", line 218, in _new_conn
    raise NewConnectionError(
urllib3.exceptions.NewConnectionError: <urllib3.connection.HTTPConnection object at 0x7f80d97e4e20>: Failed to establish a new connection: [Errno 111] Connection refused

The above exception was the direct cause of the following exception:

Traceback (most recent call last):
  File "/home/rajab/.local/lib/python3.10/site-packages/requests/adapters.py", line 667, in send
    resp = conn.urlopen(
  File "/home/rajab/.local/lib/python3.10/site-packages/urllib3/connectionpool.py", line 844, in urlopen
    retries = retries.increment(
  File "/home/rajab/.local/lib/python3.10/site-packages/urllib3/util/retry.py", line 515, in increment
    raise MaxRetryError(_pool, url, reason) from reason  # type: ignore[arg-type]
urllib3.exceptions.MaxRetryError: HTTPConnectionPool(host='127.0.0.1', port=8000): Max retries exceeded with url: /rawdata (Caused by NewConnectionError('<urllib3.connection.HTTPConnection object at 0x7f80d97e4e20>: Failed to establish a new connection: [Errno 111] Connection refused'))

During handling of the above exception, another exception occurred:

Traceback (most recent call last):
  File "/home/rajab/laravel/myproject/realco_dashboard/scripts/shopee_brand_portal_shop.py", line 108, in <module>
  File "/home/rajab/laravel/myproject/realco_dashboard/scripts/api.py", line 46, in insertData
    response = requests.post(url, json=payload, headers=headers)
  File "/home/rajab/.local/lib/python3.10/site-packages/requests/api.py", line 115, in post
    return request("post", url, data=data, json=json, **kwargs)
  File "/home/rajab/.local/lib/python3.10/site-packages/requests/api.py", line 59, in request
    return session.request(method=method, url=url, **kwargs)
  File "/home/rajab/.local/lib/python3.10/site-packages/requests/sessions.py", line 589, in request
    resp = self.send(prep, **send_kwargs)
  File "/home/rajab/.local/lib/python3.10/site-packages/requests/sessions.py", line 703, in send
    r = adapter.send(request, **kwargs)
  File "/home/rajab/.local/lib/python3.10/site-packages/requests/adapters.py", line 700, in send
    raise ConnectionError(e, request=request)
requests.exceptions.ConnectionError: HTTPConnectionPool(host='127.0.0.1', port=8000): Max retries exceeded with url: /rawdata (Caused by NewConnectionError('<urllib3.connection.HTTPConnection object at 0x7f80d97e4e20>: Failed to establish a new connection: [Errno 111] Connection refused'))

INFO:undetected_chromedriver.patcher:patching driver executable /home/rajab/.local/share/undetected_chromedriver/undetected_chromedriver
ERROR:root:Terjadi kesalahan: Message: unknown error: cannot connect to chrome at 127.0.0.1:51165
from chrome not reachable
Stacktrace:
#0 0x55dd736afe3a <unknown>
#1 0x55dd733992a1 <unknown>
#2 0x55dd7338396f <unknown>
#3 0x55dd733d3825 <unknown>
#4 0x55dd733ca0b4 <unknown>
#5 0x55dd73414b19 <unknown>
#6 0x55dd73408253 <unknown>
#7 0x55dd733d81c7 <unknown>
#8 0x55dd733d8b3e <unknown>
#9 0x55dd7367627b <unknown>
#10 0x55dd7367a327 <unknown>
#11 0x55dd73662dae <unknown>
#12 0x55dd7367adf2 <unknown>
#13 0x55dd7364774f <unknown>
#14 0x55dd7369f128 <unknown>
#15 0x55dd7369f2fb <unknown>
#16 0x55dd736aef6c <unknown>
#17 0x7f1a3883bac3 <unknown>

Traceback (most recent call last):
  File "/home/rajab/laravel/myproject/realco_dashboard/scripts/shopee_brand_portal_shop.py", line 44, in <module>
  File "/home/rajab/.local/lib/python3.10/site-packages/undetected_chromedriver/__init__.py", line 466, in __init__
    super(Chrome, self).__init__(
  File "/home/rajab/.local/lib/python3.10/site-packages/selenium/webdriver/chrome/webdriver.py", line 49, in __init__
    super().__init__(
  File "/home/rajab/.local/lib/python3.10/site-packages/selenium/webdriver/chromium/webdriver.py", line 54, in __init__
    super().__init__(
  File "/home/rajab/.local/lib/python3.10/site-packages/selenium/webdriver/remote/webdriver.py", line 206, in __init__
    self.start_session(capabilities)
  File "/home/rajab/.local/lib/python3.10/site-packages/undetected_chromedriver/__init__.py", line 724, in start_session
    super(selenium.webdriver.chrome.webdriver.WebDriver, self).start_session(
  File "/home/rajab/.local/lib/python3.10/site-packages/selenium/webdriver/remote/webdriver.py", line 291, in start_session
    response = self.execute(Command.NEW_SESSION, caps)["value"]
  File "/home/rajab/.local/lib/python3.10/site-packages/selenium/webdriver/remote/webdriver.py", line 346, in execute
    self.error_handler.check_response(response)
  File "/home/rajab/.local/lib/python3.10/site-packages/selenium/webdriver/remote/errorhandler.py", line 245, in check_response
    raise exception_class(message, screen, stacktrace)
selenium.common.exceptions.WebDriverException: Message: unknown error: cannot connect to chrome at 127.0.0.1:51165
from chrome not reachable
Stacktrace:
#0 0x55dd736afe3a <unknown>
#1 0x55dd733992a1 <unknown>
#2 0x55dd7338396f <unknown>
#3 0x55dd733d3825 <unknown>
#4 0x55dd733ca0b4 <unknown>
#5 0x55dd73414b19 <unknown>
#6 0x55dd73408253 <unknown>
#7 0x55dd733d81c7 <unknown>
#8 0x55dd733d8b3e <unknown>
#9 0x55dd7367627b <unknown>
#10 0x55dd7367a327 <unknown>
#11 0x55dd73662dae <unknown>
#12 0x55dd7367adf2 <unknown>
#13 0x55dd7364774f <unknown>
#14 0x55dd7369f128 <unknown>
#15 0x55dd7369f2fb <unknown>
#16 0x55dd736aef6c <unknown>
#17 0x7f1a3883bac3 <unknown>


INFO:undetected_chromedriver.patcher:patching driver executable /home/rajab/.local/share/undetected_chromedriver/undetected_chromedriver
ERROR:root:Terjadi kesalahan: HTTPConnectionPool(host='127.0.0.1', port=8000): Max retries exceeded with url: /rawdata (Caused by NewConnectionError('<urllib3.connection.HTTPConnection object at 0x7f90e30f64d0>: Failed to establish a new connection: [Errno 111] Connection refused'))
Traceback (most recent call last):
  File "/home/rajab/.local/lib/python3.10/site-packages/urllib3/connection.py", line 203, in _new_conn
    sock = connection.create_connection(
  File "/home/rajab/.local/lib/python3.10/site-packages/urllib3/util/connection.py", line 85, in create_connection
    raise err
  File "/home/rajab/.local/lib/python3.10/site-packages/urllib3/util/connection.py", line 73, in create_connection
    sock.connect(sa)
ConnectionRefusedError: [Errno 111] Connection refused

The above exception was the direct cause of the following exception:

Traceback (most recent call last):
  File "/home/rajab/.local/lib/python3.10/site-packages/urllib3/connectionpool.py", line 790, in urlopen
    response = self._make_request(
  File "/home/rajab/.local/lib/python3.10/site-packages/urllib3/connectionpool.py", line 496, in _make_request
    conn.request(
  File "/home/rajab/.local/lib/python3.10/site-packages/urllib3/connection.py", line 395, in request
    self.endheaders()
  File "/usr/lib/python3.10/http/client.py", line 1278, in endheaders
    self._send_output(message_body, encode_chunked=encode_chunked)
  File "/usr/lib/python3.10/http/client.py", line 1038, in _send_output
    self.send(msg)
  File "/usr/lib/python3.10/http/client.py", line 976, in send
    self.connect()
  File "/home/rajab/.local/lib/python3.10/site-packages/urllib3/connection.py", line 243, in connect
    self.sock = self._new_conn()
  File "/home/rajab/.local/lib/python3.10/site-packages/urllib3/connection.py", line 218, in _new_conn
    raise NewConnectionError(
urllib3.exceptions.NewConnectionError: <urllib3.connection.HTTPConnection object at 0x7f90e30f64d0>: Failed to establish a new connection: [Errno 111] Connection refused

The above exception was the direct cause of the following exception:

Traceback (most recent call last):
  File "/home/rajab/.local/lib/python3.10/site-packages/requests/adapters.py", line 667, in send
    resp = conn.urlopen(
  File "/home/rajab/.local/lib/python3.10/site-packages/urllib3/connectionpool.py", line 844, in urlopen
    retries = retries.increment(
  File "/home/rajab/.local/lib/python3.10/site-packages/urllib3/util/retry.py", line 515, in increment
    raise MaxRetryError(_pool, url, reason) from reason  # type: ignore[arg-type]
urllib3.exceptions.MaxRetryError: HTTPConnectionPool(host='127.0.0.1', port=8000): Max retries exceeded with url: /rawdata (Caused by NewConnectionError('<urllib3.connection.HTTPConnection object at 0x7f90e30f64d0>: Failed to establish a new connection: [Errno 111] Connection refused'))

During handling of the above exception, another exception occurred:

Traceback (most recent call last):
  File "/home/rajab/laravel/myproject/realco_dashboard/scripts/shopee_brand_portal_shop.py", line 109, in <module>
    task_data['scheduled_to_run'],
  File "/home/rajab/laravel/myproject/realco_dashboard/scripts/api.py", line 46, in insertData
    response = requests.post(url, json=payload, headers=headers)
  File "/home/rajab/.local/lib/python3.10/site-packages/requests/api.py", line 115, in post
    return request("post", url, data=data, json=json, **kwargs)
  File "/home/rajab/.local/lib/python3.10/site-packages/requests/api.py", line 59, in request
    return session.request(method=method, url=url, **kwargs)
  File "/home/rajab/.local/lib/python3.10/site-packages/requests/sessions.py", line 589, in request
    resp = self.send(prep, **send_kwargs)
  File "/home/rajab/.local/lib/python3.10/site-packages/requests/sessions.py", line 703, in send
    r = adapter.send(request, **kwargs)
  File "/home/rajab/.local/lib/python3.10/site-packages/requests/adapters.py", line 700, in send
    raise ConnectionError(e, request=request)
requests.exceptions.ConnectionError: HTTPConnectionPool(host='127.0.0.1', port=8000): Max retries exceeded with url: /rawdata (Caused by NewConnectionError('<urllib3.connection.HTTPConnection object at 0x7f90e30f64d0>: Failed to establish a new connection: [Errno 111] Connection refused'))

INFO:root:ID : 1 , Type : shopee_brand_portal_shop ,  Link : https://brandportal.shopee.com/seller/insights/sales/shop ,  Untuk Data Tanggal =  Year: 2024, Month: Jun, Day: 10
INFO:root:ID : 1 , Type : shopee_brand_portal_shop ,  Link : https://brandportal.shopee.com/seller/insights/sales/shop ,  Untuk Data Tanggal =  Year: 2024, Month: Jun, Day: 10
INFO:root:ID : 1 , Type : shopee_brand_portal_shop ,  Link : https://brandportal.shopee.com/seller/insights/sales/shop ,  Untuk Data Tanggal =  Year: 2024, Month: Jun, Day: 10
INFO:root:ID : 1 , Type : shopee_brand_portal_shop ,  Link : https://brandportal.shopee.com/seller/insights/sales/shop ,  Untuk Data Tanggal =  Year: 2024, Month: Jun, Day: 10
INFO:undetected_chromedriver.patcher:patching driver executable /home/rajab/.local/share/undetected_chromedriver/undetected_chromedriver
INFO:root:ID : 1 , Type : shopee_brand_portal_shop ,  Link : https://brandportal.shopee.com/seller/insights/sales/shop ,  Untuk Data Tanggal =  Year: 2024, Month: May, Day: 15
INFO:undetected_chromedriver.patcher:patching driver executable /home/rajab/.local/share/undetected_chromedriver/undetected_chromedriver
ERROR:root:Terjadi kesalahan: Message: session not created: cannot connect to chrome at 127.0.0.1:60475
from session not created: This version of ChromeDriver only supports Chrome version 126
Current browser version is 108.0.5359.40
Stacktrace:
#0 0x55883a98d6aa <unknown>
#1 0x55883a6700dc <unknown>
#2 0x55883a6abb8b <unknown>
#3 0x55883a6aad32 <unknown>
#4 0x55883a6a0cbc <unknown>
#5 0x55883a6ebef9 <unknown>
#6 0x55883a6df613 <unknown>
#7 0x55883a6af4f7 <unknown>
#8 0x55883a6afe4e <unknown>
#9 0x55883a95387b <unknown>
#10 0x55883a957921 <unknown>
#11 0x55883a93f36e <unknown>
#12 0x55883a958482 <unknown>
#13 0x55883a923ccf <unknown>
#14 0x55883a97d0a8 <unknown>
#15 0x55883a97d280 <unknown>
#16 0x55883a98c7dc <unknown>
#17 0x7fdef5d51ac3 <unknown>

Traceback (most recent call last):
  File "/home/rajab/laravel/myproject/realco_dashboard/scripts/shopee_brand_portal_shop.py", line 37, in <module>
    driver = uc.Chrome(options=options)
  File "/home/rajab/.local/lib/python3.10/site-packages/undetected_chromedriver/__init__.py", line 466, in __init__
    super(Chrome, self).__init__(
  File "/home/rajab/.local/lib/python3.10/site-packages/selenium/webdriver/chrome/webdriver.py", line 49, in __init__
    super().__init__(
  File "/home/rajab/.local/lib/python3.10/site-packages/selenium/webdriver/chromium/webdriver.py", line 54, in __init__
    super().__init__(
  File "/home/rajab/.local/lib/python3.10/site-packages/selenium/webdriver/remote/webdriver.py", line 206, in __init__
    self.start_session(capabilities)
  File "/home/rajab/.local/lib/python3.10/site-packages/undetected_chromedriver/__init__.py", line 724, in start_session
    super(selenium.webdriver.chrome.webdriver.WebDriver, self).start_session(
  File "/home/rajab/.local/lib/python3.10/site-packages/selenium/webdriver/remote/webdriver.py", line 291, in start_session
    response = self.execute(Command.NEW_SESSION, caps)["value"]
  File "/home/rajab/.local/lib/python3.10/site-packages/selenium/webdriver/remote/webdriver.py", line 346, in execute
    self.error_handler.check_response(response)
  File "/home/rajab/.local/lib/python3.10/site-packages/selenium/webdriver/remote/errorhandler.py", line 245, in check_response
    raise exception_class(message, screen, stacktrace)
selenium.common.exceptions.SessionNotCreatedException: Message: session not created: cannot connect to chrome at 127.0.0.1:60475
from session not created: This version of ChromeDriver only supports Chrome version 126
Current browser version is 108.0.5359.40
Stacktrace:
#0 0x55883a98d6aa <unknown>
#1 0x55883a6700dc <unknown>
#2 0x55883a6abb8b <unknown>
#3 0x55883a6aad32 <unknown>
#4 0x55883a6a0cbc <unknown>
#5 0x55883a6ebef9 <unknown>
#6 0x55883a6df613 <unknown>
#7 0x55883a6af4f7 <unknown>
#8 0x55883a6afe4e <unknown>
#9 0x55883a95387b <unknown>
#10 0x55883a957921 <unknown>
#11 0x55883a93f36e <unknown>
#12 0x55883a958482 <unknown>
#13 0x55883a923ccf <unknown>
#14 0x55883a97d0a8 <unknown>
#15 0x55883a97d280 <unknown>
#16 0x55883a98c7dc <unknown>
#17 0x7fdef5d51ac3 <unknown>


INFO:root:ID : 1 , Type : shopee_brand_portal_shop ,  Link : https://brandportal.shopee.com/seller/insights/sales/shop ,  Untuk Data Tanggal =  Year: 2024, Month: May, Day: 15
ERROR:root:Terjadi kesalahan: Message: 
Stacktrace:
#0 0x55fc0d8f76aa <unknown>
#1 0x55fc0d5da0dc <unknown>
#2 0x55fc0d626931 <unknown>
#3 0x55fc0d626a21 <unknown>
#4 0x55fc0d66b234 <unknown>
#5 0x55fc0d64989d <unknown>
#6 0x55fc0d6685c3 <unknown>
#7 0x55fc0d649613 <unknown>
#8 0x55fc0d6194f7 <unknown>
#9 0x55fc0d619e4e <unknown>
#10 0x55fc0d8bd87b <unknown>
#11 0x55fc0d8c1921 <unknown>
#12 0x55fc0d8a936e <unknown>
#13 0x55fc0d8c2482 <unknown>
#14 0x55fc0d88dccf <unknown>
#15 0x55fc0d8e70a8 <unknown>
#16 0x55fc0d8e7280 <unknown>
#17 0x55fc0d8f67dc <unknown>
#18 0x7f453d625ac3 <unknown>

Traceback (most recent call last):
  File "/home/rajab/laravel/myproject/realco_dashboard/scripts/shopee_brand_portal_shop.py", line 45, in <module>
    pilih_periode = wait.until(EC.presence_of_element_located((By.XPATH, "//*[contains(text(), 'Last 7 days')]")))
  File "/home/rajab/.local/lib/python3.10/site-packages/selenium/webdriver/support/wait.py", line 95, in until
    raise TimeoutException(message, screen, stacktrace)
selenium.common.exceptions.TimeoutException: Message: 
Stacktrace:
#0 0x55fc0d8f76aa <unknown>
#1 0x55fc0d5da0dc <unknown>
#2 0x55fc0d626931 <unknown>
#3 0x55fc0d626a21 <unknown>
#4 0x55fc0d66b234 <unknown>
#5 0x55fc0d64989d <unknown>
#6 0x55fc0d6685c3 <unknown>
#7 0x55fc0d649613 <unknown>
#8 0x55fc0d6194f7 <unknown>
#9 0x55fc0d619e4e <unknown>
#10 0x55fc0d8bd87b <unknown>
#11 0x55fc0d8c1921 <unknown>
#12 0x55fc0d8a936e <unknown>
#13 0x55fc0d8c2482 <unknown>
#14 0x55fc0d88dccf <unknown>
#15 0x55fc0d8e70a8 <unknown>
#16 0x55fc0d8e7280 <unknown>
#17 0x55fc0d8f67dc <unknown>
#18 0x7f453d625ac3 <unknown>


INFO:root:ID : 1 , Type : shopee_brand_portal_shop ,  Link : https://brandportal.shopee.com/seller/insights/sales/shop ,  Untuk Data Tanggal =  Year: 2024, Month: May, Day: 15
INFO:root:ID : 1 , Type : shopee_brand_portal_shop ,  Link : https://brandportal.shopee.com/seller/insights/sales/shop ,  Untuk Data Tanggal =  Year: 2024, Month: May, Day: 16
ERROR:root:Terjadi kesalahan: Message: 
Stacktrace:
#0 0x5628b7ba16aa <unknown>
#1 0x5628b78840dc <unknown>
#2 0x5628b78d0931 <unknown>
#3 0x5628b78d0a21 <unknown>
#4 0x5628b7915234 <unknown>
#5 0x5628b78f389d <unknown>
#6 0x5628b79125c3 <unknown>
#7 0x5628b78f3613 <unknown>
#8 0x5628b78c34f7 <unknown>
#9 0x5628b78c3e4e <unknown>
#10 0x5628b7b6787b <unknown>
#11 0x5628b7b6b921 <unknown>
#12 0x5628b7b5336e <unknown>
#13 0x5628b7b6c482 <unknown>
#14 0x5628b7b37ccf <unknown>
#15 0x5628b7b910a8 <unknown>
#16 0x5628b7b91280 <unknown>
#17 0x5628b7ba07dc <unknown>
#18 0x7f27eeaa2ac3 <unknown>

Traceback (most recent call last):
  File "/home/rajab/laravel/myproject/realco_dashboard/scripts/shopee_brand_portal_shop.py", line 48, in <module>
    pilih_by_day = wait.until(EC.presence_of_element_located((By.XPATH, "//*[contains(text(), 'By Day')]")))
  File "/home/rajab/.local/lib/python3.10/site-packages/selenium/webdriver/support/wait.py", line 95, in until
    raise TimeoutException(message, screen, stacktrace)
selenium.common.exceptions.TimeoutException: Message: 
Stacktrace:
#0 0x5628b7ba16aa <unknown>
#1 0x5628b78840dc <unknown>
#2 0x5628b78d0931 <unknown>
#3 0x5628b78d0a21 <unknown>
#4 0x5628b7915234 <unknown>
#5 0x5628b78f389d <unknown>
#6 0x5628b79125c3 <unknown>
#7 0x5628b78f3613 <unknown>
#8 0x5628b78c34f7 <unknown>
#9 0x5628b78c3e4e <unknown>
#10 0x5628b7b6787b <unknown>
#11 0x5628b7b6b921 <unknown>
#12 0x5628b7b5336e <unknown>
#13 0x5628b7b6c482 <unknown>
#14 0x5628b7b37ccf <unknown>
#15 0x5628b7b910a8 <unknown>
#16 0x5628b7b91280 <unknown>
#17 0x5628b7ba07dc <unknown>
#18 0x7f27eeaa2ac3 <unknown>


INFO:root:ID : 1 , Type : shopee_brand_portal_shop ,  Link : https://brandportal.shopee.com/seller/insights/sales/shop ,  Untuk Data Tanggal =  Year: 2024, Month: May, Day: 16
INFO:root:ID : 2 , Type : shopee_brand_portal_shop ,  Link : https://brandportal.shopee.com/seller/insights/sales/shop ,  Untuk Data Tanggal =  Year: 2024, Month: May, Day: 17
INFO:root:ID : 1 , Type : shopee_brand_portal_shop ,  Link : https://brandportal.shopee.com/seller/insights/sales/shop ,  Untuk Data Tanggal =  Year: 2024, Month: May, Day: 16
INFO:root:ID : 23 , Type : shopee_brand_portal_shop ,  Link : https://brandportal.shopee.com/seller/insights/sales/shop ,  Untuk Data Tanggal =  Year: 2024, Month: Jun, Day: 7
INFO:root:ID : 24 , Type : shopee_brand_portal_shop ,  Link : https://brandportal.shopee.com/seller/insights/sales/shop ,  Untuk Data Tanggal =  Year: 2024, Month: Jun, Day: 8
INFO:root:ID : 22 , Type : shopee_brand_portal_shop ,  Link : https://brandportal.shopee.com/seller/insights/sales/shop ,  Untuk Data Tanggal =  Year: 2024, Month: Jun, Day: 6
INFO:root:ID : 21 , Type : shopee_brand_portal_shop ,  Link : https://brandportal.shopee.com/seller/insights/sales/shop ,  Untuk Data Tanggal =  Year: 2024, Month: Jun, Day: 5
INFO:root:ID : 20 , Type : shopee_brand_portal_shop ,  Link : https://brandportal.shopee.com/seller/insights/sales/shop ,  Untuk Data Tanggal =  Year: 2024, Month: Jun, Day: 4
INFO:root:ID : 19 , Type : shopee_brand_portal_shop ,  Link : https://brandportal.shopee.com/seller/insights/sales/shop ,  Untuk Data Tanggal =  Year: 2024, Month: Jun, Day: 3
INFO:root:ID : 17 , Type : shopee_brand_portal_shop ,  Link : https://brandportal.shopee.com/seller/insights/sales/shop ,  Untuk Data Tanggal =  Year: 2024, Month: Jun, Day: 1
INFO:root:ID : 16 , Type : shopee_brand_portal_shop ,  Link : https://brandportal.shopee.com/seller/insights/sales/shop ,  Untuk Data Tanggal =  Year: 2024, Month: May, Day: 31
INFO:root:ID : 18 , Type : shopee_brand_portal_shop ,  Link : https://brandportal.shopee.com/seller/insights/sales/shop ,  Untuk Data Tanggal =  Year: 2024, Month: Jun, Day: 2
INFO:root:ID : 15 , Type : shopee_brand_portal_shop ,  Link : https://brandportal.shopee.com/seller/insights/sales/shop ,  Untuk Data Tanggal =  Year: 2024, Month: May, Day: 30
ERROR:root:Terjadi kesalahan: Message: 
Stacktrace:
#0 0x558881c376aa <unknown>
#1 0x55888191a0dc <unknown>
#2 0x558881966931 <unknown>
#3 0x558881966a21 <unknown>
#4 0x5588819ab234 <unknown>
#5 0x55888198989d <unknown>
#6 0x5588819a85c3 <unknown>
#7 0x558881989613 <unknown>
#8 0x5588819594f7 <unknown>
#9 0x558881959e4e <unknown>
#10 0x558881bfd87b <unknown>
#11 0x558881c01921 <unknown>
#12 0x558881be936e <unknown>
#13 0x558881c02482 <unknown>
#14 0x558881bcdccf <unknown>
#15 0x558881c270a8 <unknown>
#16 0x558881c27280 <unknown>
#17 0x558881c367dc <unknown>
#18 0x7f1a0963aac3 <unknown>

Traceback (most recent call last):
  File "/home/rajab/laravel/myproject/realco_dashboard/scripts/shopee_brand_portal_shop.py", line 44, in <module>
    pilih_periode = wait.until(EC.presence_of_element_located((By.XPATH, "//*[contains(text(), 'Last 7 days')]")))
  File "/home/rajab/.local/lib/python3.10/site-packages/selenium/webdriver/support/wait.py", line 95, in until
    raise TimeoutException(message, screen, stacktrace)
selenium.common.exceptions.TimeoutException: Message: 
Stacktrace:
#0 0x558881c376aa <unknown>
#1 0x55888191a0dc <unknown>
#2 0x558881966931 <unknown>
#3 0x558881966a21 <unknown>
#4 0x5588819ab234 <unknown>
#5 0x55888198989d <unknown>
#6 0x5588819a85c3 <unknown>
#7 0x558881989613 <unknown>
#8 0x5588819594f7 <unknown>
#9 0x558881959e4e <unknown>
#10 0x558881bfd87b <unknown>
#11 0x558881c01921 <unknown>
#12 0x558881be936e <unknown>
#13 0x558881c02482 <unknown>
#14 0x558881bcdccf <unknown>
#15 0x558881c270a8 <unknown>
#16 0x558881c27280 <unknown>
#17 0x558881c367dc <unknown>
#18 0x7f1a0963aac3 <unknown>


INFO:root:ID : 14 , Type : shopee_brand_portal_shop ,  Link : https://brandportal.shopee.com/seller/insights/sales/shop ,  Untuk Data Tanggal =  Year: 2024, Month: May, Day: 29
INFO:root:ID : 13 , Type : shopee_brand_portal_shop ,  Link : https://brandportal.shopee.com/seller/insights/sales/shop ,  Untuk Data Tanggal =  Year: 2024, Month: May, Day: 28
ERROR:root:Terjadi kesalahan: Message: element not interactable
  (Session info: chrome=126.0.6478.55)
Stacktrace:
#0 0x55bb6117f6aa <unknown>
#1 0x55bb60e61f21 <unknown>
#2 0x55bb60eafabf <unknown>
#3 0x55bb60ea340f <unknown>
#4 0x55bb60ed1872 <unknown>
#5 0x55bb60ea2d89 <unknown>
#6 0x55bb60ed1a3e <unknown>
#7 0x55bb60ef05c3 <unknown>
#8 0x55bb60ed1613 <unknown>
#9 0x55bb60ea14f7 <unknown>
#10 0x55bb60ea1e4e <unknown>
#11 0x55bb6114587b <unknown>
#12 0x55bb61149921 <unknown>
#13 0x55bb6113136e <unknown>
#14 0x55bb6114a482 <unknown>
#15 0x55bb61115ccf <unknown>
#16 0x55bb6116f0a8 <unknown>
#17 0x55bb6116f280 <unknown>
#18 0x55bb6117e7dc <unknown>
#19 0x7f88296a5ac3 <unknown>

Traceback (most recent call last):
  File "/home/rajab/laravel/myproject/realco_dashboard/scripts/shopee_brand_portal_shop.py", line 53, in <module>
    select_year.click()
  File "/home/rajab/.local/lib/python3.10/site-packages/selenium/webdriver/remote/webelement.py", line 94, in click
    self._execute(Command.CLICK_ELEMENT)
  File "/home/rajab/.local/lib/python3.10/site-packages/selenium/webdriver/remote/webelement.py", line 395, in _execute
    return self._parent.execute(command, params)
  File "/home/rajab/.local/lib/python3.10/site-packages/selenium/webdriver/remote/webdriver.py", line 346, in execute
    self.error_handler.check_response(response)
  File "/home/rajab/.local/lib/python3.10/site-packages/selenium/webdriver/remote/errorhandler.py", line 245, in check_response
    raise exception_class(message, screen, stacktrace)
selenium.common.exceptions.ElementNotInteractableException: Message: element not interactable
  (Session info: chrome=126.0.6478.55)
Stacktrace:
#0 0x55bb6117f6aa <unknown>
#1 0x55bb60e61f21 <unknown>
#2 0x55bb60eafabf <unknown>
#3 0x55bb60ea340f <unknown>
#4 0x55bb60ed1872 <unknown>
#5 0x55bb60ea2d89 <unknown>
#6 0x55bb60ed1a3e <unknown>
#7 0x55bb60ef05c3 <unknown>
#8 0x55bb60ed1613 <unknown>
#9 0x55bb60ea14f7 <unknown>
#10 0x55bb60ea1e4e <unknown>
#11 0x55bb6114587b <unknown>
#12 0x55bb61149921 <unknown>
#13 0x55bb6113136e <unknown>
#14 0x55bb6114a482 <unknown>
#15 0x55bb61115ccf <unknown>
#16 0x55bb6116f0a8 <unknown>
#17 0x55bb6116f280 <unknown>
#18 0x55bb6117e7dc <unknown>
#19 0x7f88296a5ac3 <unknown>


INFO:root:ID : 25 , Type : shopee_brand_portal_shop ,  Link : https://brandportal.shopee.com/seller/insights/sales/shop ,  Untuk Data Tanggal =  Year: 2024, Month: Jun, Day: 9
INFO:root:ID : 12 , Type : shopee_brand_portal_shop ,  Link : https://brandportal.shopee.com/seller/insights/sales/shop ,  Untuk Data Tanggal =  Year: 2024, Month: May, Day: 27
INFO:root:ID : 26 , Type : shopee_brand_portal_shop ,  Link : https://brandportal.shopee.com/seller/insights/sales/shop ,  Untuk Data Tanggal =  Year: 2024, Month: Jun, Day: 10
INFO:root:ID : 11 , Type : shopee_brand_portal_shop ,  Link : https://brandportal.shopee.com/seller/insights/sales/shop ,  Untuk Data Tanggal =  Year: 2024, Month: May, Day: 26
ERROR:root:Terjadi kesalahan: File tidak berhasil diunduh dalam batas waktu yang ditentukan.
Traceback (most recent call last):
  File "/home/rajab/laravel/myproject/realco_dashboard/scripts/shopee_brand_portal_shop.py", line 93, in <module>
    raise FileNotFoundError("File tidak berhasil diunduh dalam batas waktu yang ditentukan.")
FileNotFoundError: File tidak berhasil diunduh dalam batas waktu yang ditentukan.

WARNING:urllib3.connectionpool:Retrying (Retry(total=2, connect=None, read=None, redirect=None, status=None)) after connection broken by 'NewConnectionError('<urllib3.connection.HTTPConnection object at 0x7f3669f99e40>: Failed to establish a new connection: [Errno 111] Connection refused')': /session/a3f43834015ed477e106c1a14be1a0ac
WARNING:urllib3.connectionpool:Retrying (Retry(total=1, connect=None, read=None, redirect=None, status=None)) after connection broken by 'NewConnectionError('<urllib3.connection.HTTPConnection object at 0x7f3669f99e10>: Failed to establish a new connection: [Errno 111] Connection refused')': /session/a3f43834015ed477e106c1a14be1a0ac
WARNING:urllib3.connectionpool:Retrying (Retry(total=0, connect=None, read=None, redirect=None, status=None)) after connection broken by 'NewConnectionError('<urllib3.connection.HTTPConnection object at 0x7f3669f9a020>: Failed to establish a new connection: [Errno 111] Connection refused')': /session/a3f43834015ed477e106c1a14be1a0ac
INFO:root:ID : 27 , Type : shopee_brand_portal_shop ,  Link : https://brandportal.shopee.com/seller/insights/sales/shop ,  Untuk Data Tanggal =  Year: 2024, Month: Jun, Day: 11
INFO:root:ID : 10 , Type : shopee_brand_portal_shop ,  Link : https://brandportal.shopee.com/seller/insights/sales/shop ,  Untuk Data Tanggal =  Year: 2024, Month: May, Day: 25
ERROR:root:Terjadi kesalahan: Message: element not interactable
  (Session info: chrome=126.0.6478.55)
Stacktrace:
#0 0x55cab57c66aa <unknown>
#1 0x55cab54a8f21 <unknown>
#2 0x55cab54f6abf <unknown>
#3 0x55cab54ea40f <unknown>
#4 0x55cab5518872 <unknown>
#5 0x55cab54e9d89 <unknown>
#6 0x55cab5518a3e <unknown>
#7 0x55cab55375c3 <unknown>
#8 0x55cab5518613 <unknown>
#9 0x55cab54e84f7 <unknown>
#10 0x55cab54e8e4e <unknown>
#11 0x55cab578c87b <unknown>
#12 0x55cab5790921 <unknown>
#13 0x55cab577836e <unknown>
#14 0x55cab5791482 <unknown>
#15 0x55cab575cccf <unknown>
#16 0x55cab57b60a8 <unknown>
#17 0x55cab57b6280 <unknown>
#18 0x55cab57c57dc <unknown>
#19 0x7f3cca507ac3 <unknown>

Traceback (most recent call last):
  File "/home/rajab/laravel/myproject/realco_dashboard/scripts/shopee_brand_portal_shop.py", line 53, in <module>
    select_year.click()
  File "/home/rajab/.local/lib/python3.10/site-packages/selenium/webdriver/remote/webelement.py", line 94, in click
    self._execute(Command.CLICK_ELEMENT)
  File "/home/rajab/.local/lib/python3.10/site-packages/selenium/webdriver/remote/webelement.py", line 395, in _execute
    return self._parent.execute(command, params)
  File "/home/rajab/.local/lib/python3.10/site-packages/selenium/webdriver/remote/webdriver.py", line 346, in execute
    self.error_handler.check_response(response)
  File "/home/rajab/.local/lib/python3.10/site-packages/selenium/webdriver/remote/errorhandler.py", line 245, in check_response
    raise exception_class(message, screen, stacktrace)
selenium.common.exceptions.ElementNotInteractableException: Message: element not interactable
  (Session info: chrome=126.0.6478.55)
Stacktrace:
#0 0x55cab57c66aa <unknown>
#1 0x55cab54a8f21 <unknown>
#2 0x55cab54f6abf <unknown>
#3 0x55cab54ea40f <unknown>
#4 0x55cab5518872 <unknown>
#5 0x55cab54e9d89 <unknown>
#6 0x55cab5518a3e <unknown>
#7 0x55cab55375c3 <unknown>
#8 0x55cab5518613 <unknown>
#9 0x55cab54e84f7 <unknown>
#10 0x55cab54e8e4e <unknown>
#11 0x55cab578c87b <unknown>
#12 0x55cab5790921 <unknown>
#13 0x55cab577836e <unknown>
#14 0x55cab5791482 <unknown>
#15 0x55cab575cccf <unknown>
#16 0x55cab57b60a8 <unknown>
#17 0x55cab57b6280 <unknown>
#18 0x55cab57c57dc <unknown>
#19 0x7f3cca507ac3 <unknown>


INFO:root:ID : 29 , Type : shopee_brand_portal_shop ,  Link : https://brandportal.shopee.com/seller/insights/sales/shop ,  Untuk Data Tanggal =  Year: 2024, Month: Jun, Day: 13
ERROR:root:Terjadi kesalahan: Message: 
Stacktrace:
#0 0x5613666736aa <unknown>
#1 0x5613663560dc <unknown>
#2 0x5613663a2931 <unknown>
#3 0x5613663a2a21 <unknown>
#4 0x5613663e7234 <unknown>
#5 0x5613663c589d <unknown>
#6 0x5613663e45c3 <unknown>
#7 0x5613663c5613 <unknown>
#8 0x5613663954f7 <unknown>
#9 0x561366395e4e <unknown>
#10 0x56136663987b <unknown>
#11 0x56136663d921 <unknown>
#12 0x56136662536e <unknown>
#13 0x56136663e482 <unknown>
#14 0x561366609ccf <unknown>
#15 0x5613666630a8 <unknown>
#16 0x561366663280 <unknown>
#17 0x5613666727dc <unknown>
#18 0x7f371cf3aac3 <unknown>

Traceback (most recent call last):
  File "/home/rajab/laravel/myproject/realco_dashboard/scripts/shopee_brand_portal_shop.py", line 44, in <module>
    pilih_periode = wait.until(EC.presence_of_element_located((By.XPATH, "//*[contains(text(), 'Last 7 days')]")))
  File "/home/rajab/.local/lib/python3.10/site-packages/selenium/webdriver/support/wait.py", line 95, in until
    raise TimeoutException(message, screen, stacktrace)
selenium.common.exceptions.TimeoutException: Message: 
Stacktrace:
#0 0x5613666736aa <unknown>
#1 0x5613663560dc <unknown>
#2 0x5613663a2931 <unknown>
#3 0x5613663a2a21 <unknown>
#4 0x5613663e7234 <unknown>
#5 0x5613663c589d <unknown>
#6 0x5613663e45c3 <unknown>
#7 0x5613663c5613 <unknown>
#8 0x5613663954f7 <unknown>
#9 0x561366395e4e <unknown>
#10 0x56136663987b <unknown>
#11 0x56136663d921 <unknown>
#12 0x56136662536e <unknown>
#13 0x56136663e482 <unknown>
#14 0x561366609ccf <unknown>
#15 0x5613666630a8 <unknown>
#16 0x561366663280 <unknown>
#17 0x5613666727dc <unknown>
#18 0x7f371cf3aac3 <unknown>


INFO:root:ID : 28 , Type : shopee_brand_portal_shop ,  Link : https://brandportal.shopee.com/seller/insights/sales/shop ,  Untuk Data Tanggal =  Year: 2024, Month: Jun, Day: 12
ERROR:root:Terjadi kesalahan: Message: 
Stacktrace:
#0 0x5633ac5af6aa <unknown>
#1 0x5633ac2920dc <unknown>
#2 0x5633ac2de931 <unknown>
#3 0x5633ac2dea21 <unknown>
#4 0x5633ac323234 <unknown>
#5 0x5633ac30189d <unknown>
#6 0x5633ac3205c3 <unknown>
#7 0x5633ac301613 <unknown>
#8 0x5633ac2d14f7 <unknown>
#9 0x5633ac2d1e4e <unknown>
#10 0x5633ac57587b <unknown>
#11 0x5633ac579921 <unknown>
#12 0x5633ac56136e <unknown>
#13 0x5633ac57a482 <unknown>
#14 0x5633ac545ccf <unknown>
#15 0x5633ac59f0a8 <unknown>
#16 0x5633ac59f280 <unknown>
#17 0x5633ac5ae7dc <unknown>
#18 0x7f4a86deeac3 <unknown>

Traceback (most recent call last):
  File "/home/rajab/laravel/myproject/realco_dashboard/scripts/shopee_brand_portal_shop.py", line 44, in <module>
    pilih_periode = wait.until(EC.presence_of_element_located((By.XPATH, "//*[contains(text(), 'Last 7 days')]")))
  File "/home/rajab/.local/lib/python3.10/site-packages/selenium/webdriver/support/wait.py", line 95, in until
    raise TimeoutException(message, screen, stacktrace)
selenium.common.exceptions.TimeoutException: Message: 
Stacktrace:
#0 0x5633ac5af6aa <unknown>
#1 0x5633ac2920dc <unknown>
#2 0x5633ac2de931 <unknown>
#3 0x5633ac2dea21 <unknown>
#4 0x5633ac323234 <unknown>
#5 0x5633ac30189d <unknown>
#6 0x5633ac3205c3 <unknown>
#7 0x5633ac301613 <unknown>
#8 0x5633ac2d14f7 <unknown>
#9 0x5633ac2d1e4e <unknown>
#10 0x5633ac57587b <unknown>
#11 0x5633ac579921 <unknown>
#12 0x5633ac56136e <unknown>
#13 0x5633ac57a482 <unknown>
#14 0x5633ac545ccf <unknown>
#15 0x5633ac59f0a8 <unknown>
#16 0x5633ac59f280 <unknown>
#17 0x5633ac5ae7dc <unknown>
#18 0x7f4a86deeac3 <unknown>


INFO:root:ID : 30 , Type : shopee_brand_portal_shop ,  Link : https://brandportal.shopee.com/seller/insights/sales/shop ,  Untuk Data Tanggal =  Year: 2024, Month: Jun, Day: 14
INFO:root:ID : 9 , Type : shopee_brand_portal_shop ,  Link : https://brandportal.shopee.com/seller/insights/sales/shop ,  Untuk Data Tanggal =  Year: 2024, Month: May, Day: 24
INFO:root:ID : 8 , Type : shopee_brand_portal_shop ,  Link : https://brandportal.shopee.com/seller/insights/sales/shop ,  Untuk Data Tanggal =  Year: 2024, Month: May, Day: 23
INFO:root:ID : 7 , Type : shopee_brand_portal_shop ,  Link : https://brandportal.shopee.com/seller/insights/sales/shop ,  Untuk Data Tanggal =  Year: 2024, Month: May, Day: 22
INFO:root:ID : 5 , Type : shopee_brand_portal_shop ,  Link : https://brandportal.shopee.com/seller/insights/sales/shop ,  Untuk Data Tanggal =  Year: 2024, Month: May, Day: 20
INFO:root:ID : 4 , Type : shopee_brand_portal_shop ,  Link : https://brandportal.shopee.com/seller/insights/sales/shop ,  Untuk Data Tanggal =  Year: 2024, Month: May, Day: 19
INFO:root:ID : 6 , Type : shopee_brand_portal_shop ,  Link : https://brandportal.shopee.com/seller/insights/sales/shop ,  Untuk Data Tanggal =  Year: 2024, Month: May, Day: 21
INFO:root:ID : 2 , Type : shopee_brand_portal_shop ,  Link : https://brandportal.shopee.com/seller/insights/sales/shop ,  Untuk Data Tanggal =  Year: 2024, Month: May, Day: 17
INFO:root:ID : 3 , Type : shopee_brand_portal_shop ,  Link : https://brandportal.shopee.com/seller/insights/sales/shop ,  Untuk Data Tanggal =  Year: 2024, Month: May, Day: 18
INFO:root:ID : 31 , Type : shopee_brand_portal_shop ,  Link : https://brandportal.shopee.com/seller/insights/sales/shop ,  Untuk Data Tanggal =  Year: 2024, Month: Jun, Day: 15
INFO:root:ID : 15 , Type : shopee_brand_portal_shop ,  Link : https://brandportal.shopee.com/seller/insights/sales/shop ,  Untuk Data Tanggal =  Year: 2024, Month: May, Day: 30
INFO:root:ID : 13 , Type : shopee_brand_portal_shop ,  Link : https://brandportal.shopee.com/seller/insights/sales/shop ,  Untuk Data Tanggal =  Year: 2024, Month: May, Day: 28
INFO:root:ID : 11 , Type : shopee_brand_portal_shop ,  Link : https://brandportal.shopee.com/seller/insights/sales/shop ,  Untuk Data Tanggal =  Year: 2024, Month: May, Day: 26
INFO:root:ID : 10 , Type : shopee_brand_portal_shop ,  Link : https://brandportal.shopee.com/seller/insights/sales/shop ,  Untuk Data Tanggal =  Year: 2024, Month: May, Day: 25
ERROR:root:Terjadi kesalahan: File tidak berhasil diunduh dalam batas waktu yang ditentukan.
Traceback (most recent call last):
  File "/home/rajab/laravel/myproject/realco_dashboard/scripts/shopee_brand_portal_shop.py", line 93, in <module>
    raise FileNotFoundError("File tidak berhasil diunduh dalam batas waktu yang ditentukan.")
FileNotFoundError: File tidak berhasil diunduh dalam batas waktu yang ditentukan.

WARNING:urllib3.connectionpool:Retrying (Retry(total=2, connect=None, read=None, redirect=None, status=None)) after connection broken by 'NewConnectionError('<urllib3.connection.HTTPConnection object at 0x7f8915085e40>: Failed to establish a new connection: [Errno 111] Connection refused')': /session/4c42ae7c26ab2ba3440cf49de9113e53
WARNING:urllib3.connectionpool:Retrying (Retry(total=1, connect=None, read=None, redirect=None, status=None)) after connection broken by 'NewConnectionError('<urllib3.connection.HTTPConnection object at 0x7f8915085e10>: Failed to establish a new connection: [Errno 111] Connection refused')': /session/4c42ae7c26ab2ba3440cf49de9113e53
WARNING:urllib3.connectionpool:Retrying (Retry(total=0, connect=None, read=None, redirect=None, status=None)) after connection broken by 'NewConnectionError('<urllib3.connection.HTTPConnection object at 0x7f8915086020>: Failed to establish a new connection: [Errno 111] Connection refused')': /session/4c42ae7c26ab2ba3440cf49de9113e53
INFO:root:ID : 29 , Type : shopee_brand_portal_shop ,  Link : https://brandportal.shopee.com/seller/insights/sales/shop ,  Untuk Data Tanggal =  Year: 2024, Month: Jun, Day: 13
INFO:root:ID : 28 , Type : shopee_brand_portal_shop ,  Link : https://brandportal.shopee.com/seller/insights/sales/shop ,  Untuk Data Tanggal =  Year: 2024, Month: Jun, Day: 12
INFO:root:ID : 10 , Type : shopee_brand_portal_shop ,  Link : https://brandportal.shopee.com/seller/insights/sales/shop ,  Untuk Data Tanggal =  Year: 2024, Month: May, Day: 25
INFO:root:ID : 3 , Type : shopee_brand_portal_shop ,  Link : https://brandportal.shopee.com/seller/insights/sales/shop ,  Untuk Data Tanggal =  Year: 2024, Month: May, Day: 20
ERROR:root:Terjadi kesalahan: Message: session not created: Chrome failed to start: exited normally.
  (session not created: DevToolsActivePort file doesn't exist)
  (The process started from chrome location /snap/bin/chromium is no longer running, so ChromeDriver is assuming that Chrome has crashed.)
Stacktrace:
#0 0x557ee13316aa <unknown>
#1 0x557ee10140dc <unknown>
#2 0x557ee104902a <unknown>
#3 0x557ee104543b <unknown>
#4 0x557ee108fef9 <unknown>
#5 0x557ee1083613 <unknown>
#6 0x557ee10534f7 <unknown>
#7 0x557ee1053e4e <unknown>
#8 0x557ee12f787b <unknown>
#9 0x557ee12fb921 <unknown>
#10 0x557ee12e336e <unknown>
#11 0x557ee12fc482 <unknown>
#12 0x557ee12c7ccf <unknown>
#13 0x557ee13210a8 <unknown>
#14 0x557ee1321280 <unknown>
#15 0x557ee13307dc <unknown>
#16 0x7f96ed0d8ac3 <unknown>

Traceback (most recent call last):
  File "/home/rajab/laravel/myproject/realco_dashboard/scripts/shopee_brand_portal_shop.py", line 39, in <module>
    driver = webdriver.Chrome(options=options)
  File "/home/rajab/.local/lib/python3.10/site-packages/selenium/webdriver/chrome/webdriver.py", line 49, in __init__
    super().__init__(
  File "/home/rajab/.local/lib/python3.10/site-packages/selenium/webdriver/chromium/webdriver.py", line 54, in __init__
    super().__init__(
  File "/home/rajab/.local/lib/python3.10/site-packages/selenium/webdriver/remote/webdriver.py", line 206, in __init__
    self.start_session(capabilities)
  File "/home/rajab/.local/lib/python3.10/site-packages/selenium/webdriver/remote/webdriver.py", line 291, in start_session
    response = self.execute(Command.NEW_SESSION, caps)["value"]
  File "/home/rajab/.local/lib/python3.10/site-packages/selenium/webdriver/remote/webdriver.py", line 346, in execute
    self.error_handler.check_response(response)
  File "/home/rajab/.local/lib/python3.10/site-packages/selenium/webdriver/remote/errorhandler.py", line 245, in check_response
    raise exception_class(message, screen, stacktrace)
selenium.common.exceptions.SessionNotCreatedException: Message: session not created: Chrome failed to start: exited normally.
  (session not created: DevToolsActivePort file doesn't exist)
  (The process started from chrome location /snap/bin/chromium is no longer running, so ChromeDriver is assuming that Chrome has crashed.)
Stacktrace:
#0 0x557ee13316aa <unknown>
#1 0x557ee10140dc <unknown>
#2 0x557ee104902a <unknown>
#3 0x557ee104543b <unknown>
#4 0x557ee108fef9 <unknown>
#5 0x557ee1083613 <unknown>
#6 0x557ee10534f7 <unknown>
#7 0x557ee1053e4e <unknown>
#8 0x557ee12f787b <unknown>
#9 0x557ee12fb921 <unknown>
#10 0x557ee12e336e <unknown>
#11 0x557ee12fc482 <unknown>
#12 0x557ee12c7ccf <unknown>
#13 0x557ee13210a8 <unknown>
#14 0x557ee1321280 <unknown>
#15 0x557ee13307dc <unknown>
#16 0x7f96ed0d8ac3 <unknown>


INFO:root:ID : 2 , Type : shopee_brand_portal_shop ,  Link : https://brandportal.shopee.com/seller/insights/sales/shop ,  Untuk Data Tanggal =  Year: 2024, Month: May, Day: 19
ERROR:root:Terjadi kesalahan: Message: 
Stacktrace:
#0 0x557ac96056aa <unknown>
#1 0x557ac92e80dc <unknown>
#2 0x557ac9334931 <unknown>
#3 0x557ac9334a21 <unknown>
#4 0x557ac9379234 <unknown>
#5 0x557ac935789d <unknown>
#6 0x557ac93765c3 <unknown>
#7 0x557ac9357613 <unknown>
#8 0x557ac93274f7 <unknown>
#9 0x557ac9327e4e <unknown>
#10 0x557ac95cb87b <unknown>
#11 0x557ac95cf921 <unknown>
#12 0x557ac95b736e <unknown>
#13 0x557ac95d0482 <unknown>
#14 0x557ac959bccf <unknown>
#15 0x557ac95f50a8 <unknown>
#16 0x557ac95f5280 <unknown>
#17 0x557ac96047dc <unknown>
#18 0x7fc1e85b3ac3 <unknown>

Traceback (most recent call last):
  File "/home/rajab/laravel/myproject/realco_dashboard/scripts/shopee_brand_portal_shop.py", line 48, in <module>
    pilih_by_day = wait.until(EC.presence_of_element_located((By.XPATH, "//*[contains(text(), 'By Day')]")))
  File "/home/rajab/.local/lib/python3.10/site-packages/selenium/webdriver/support/wait.py", line 95, in until
    raise TimeoutException(message, screen, stacktrace)
selenium.common.exceptions.TimeoutException: Message: 
Stacktrace:
#0 0x557ac96056aa <unknown>
#1 0x557ac92e80dc <unknown>
#2 0x557ac9334931 <unknown>
#3 0x557ac9334a21 <unknown>
#4 0x557ac9379234 <unknown>
#5 0x557ac935789d <unknown>
#6 0x557ac93765c3 <unknown>
#7 0x557ac9357613 <unknown>
#8 0x557ac93274f7 <unknown>
#9 0x557ac9327e4e <unknown>
#10 0x557ac95cb87b <unknown>
#11 0x557ac95cf921 <unknown>
#12 0x557ac95b736e <unknown>
#13 0x557ac95d0482 <unknown>
#14 0x557ac959bccf <unknown>
#15 0x557ac95f50a8 <unknown>
#16 0x557ac95f5280 <unknown>
#17 0x557ac96047dc <unknown>
#18 0x7fc1e85b3ac3 <unknown>


INFO:root:ID : 4 , Type : shopee_brand_portal_shop ,  Link : https://brandportal.shopee.com/seller/insights/sales/shop ,  Untuk Data Tanggal =  Year: 2024, Month: May, Day: 21
INFO:root:ID : 1 , Type : shopee_brand_portal_shop ,  Link : https://brandportal.shopee.com/seller/insights/sales/shop ,  Untuk Data Tanggal =  Year: 2024, Month: May, Day: 18
INFO:root:ID : 5 , Type : shopee_brand_portal_shop ,  Link : https://brandportal.shopee.com/seller/insights/sales/shop ,  Untuk Data Tanggal =  Year: 2024, Month: May, Day: 22
INFO:root:ID : 3 , Type : shopee_brand_portal_shop ,  Link : https://brandportal.shopee.com/seller/insights/sales/shop ,  Untuk Data Tanggal =  Year: 2024, Month: May, Day: 20
INFO:root:ID : 2 , Type : shopee_brand_portal_shop ,  Link : https://brandportal.shopee.com/seller/insights/sales/shop ,  Untuk Data Tanggal =  Year: 2024, Month: May, Day: 19
INFO:root:ID : 31 , Type : shopee_brand_portal_shop ,  Link : https://brandportal.shopee.com/seller/insights/sales/shop ,  Untuk Data Tanggal =  Year: 2024, Month: Jun, Day: 17
INFO:root:ID : 1 , Type : shopee_brand_portal_shop ,  Link : https://brandportal.shopee.com/seller/insights/sales/shop ,  Untuk Data Tanggal =  Year: 2024, Month: May, Day: 19
